Archive member included to satisfy reference by file (symbol)

/usr/lib/gcc/arm-none-eabi/9.2.1/thumb/v7e-m+fp/softfp/libgcc.a(_aeabi_uldivmod.o)
                              build/tsb0//home/karl/SimplicityStudio_v5/developer/sdks/gecko_sdk_suite/v3.2/platform/emlib/src/em_usart.o (__aeabi_uldivmod)
/usr/lib/gcc/arm-none-eabi/9.2.1/thumb/v7e-m+fp/softfp/libgcc.a(_udivmoddi4.o)
                              /usr/lib/gcc/arm-none-eabi/9.2.1/thumb/v7e-m+fp/softfp/libgcc.a(_aeabi_uldivmod.o) (__udivmoddi4)
/usr/lib/gcc/arm-none-eabi/9.2.1/thumb/v7e-m+fp/softfp/libgcc.a(_dvmd_tls.o)
                              /usr/lib/gcc/arm-none-eabi/9.2.1/thumb/v7e-m+fp/softfp/libgcc.a(_aeabi_uldivmod.o) (__aeabi_ldiv0)
/usr/lib/gcc/arm-none-eabi/9.2.1/../../../arm-none-eabi/lib/thumb/v7e-m+fp/softfp/libg.a(lib_a-fflush.o)
                              build/tsb0/adc_ldma_read_main.o (fflush)
/usr/lib/gcc/arm-none-eabi/9.2.1/../../../arm-none-eabi/lib/thumb/v7e-m+fp/softfp/libg.a(lib_a-findfp.o)
                              /usr/lib/gcc/arm-none-eabi/9.2.1/../../../arm-none-eabi/lib/thumb/v7e-m+fp/softfp/libg.a(lib_a-fflush.o) (__sinit)
/usr/lib/gcc/arm-none-eabi/9.2.1/../../../arm-none-eabi/lib/thumb/v7e-m+fp/softfp/libg.a(lib_a-freer.o)
                              /usr/lib/gcc/arm-none-eabi/9.2.1/../../../arm-none-eabi/lib/thumb/v7e-m+fp/softfp/libg.a(lib_a-fflush.o) (_free_r)
/usr/lib/gcc/arm-none-eabi/9.2.1/../../../arm-none-eabi/lib/thumb/v7e-m+fp/softfp/libg.a(lib_a-fwalk.o)
                              /usr/lib/gcc/arm-none-eabi/9.2.1/../../../arm-none-eabi/lib/thumb/v7e-m+fp/softfp/libg.a(lib_a-findfp.o) (_fwalk)
/usr/lib/gcc/arm-none-eabi/9.2.1/../../../arm-none-eabi/lib/thumb/v7e-m+fp/softfp/libg.a(lib_a-fwrite.o)
                              build/tsb0/adc_ldma_read_main.o (fwrite)
/usr/lib/gcc/arm-none-eabi/9.2.1/../../../arm-none-eabi/lib/thumb/v7e-m+fp/softfp/libg.a(lib_a-impure.o)
                              /usr/lib/gcc/arm-none-eabi/9.2.1/../../../arm-none-eabi/lib/thumb/v7e-m+fp/softfp/libg.a(lib_a-fflush.o) (_global_impure_ptr)
/usr/lib/gcc/arm-none-eabi/9.2.1/../../../arm-none-eabi/lib/thumb/v7e-m+fp/softfp/libg.a(lib_a-mallocr.o)
                              /usr/lib/gcc/arm-none-eabi/9.2.1/../../../arm-none-eabi/lib/thumb/v7e-m+fp/softfp/libg.a(lib_a-findfp.o) (_malloc_r)
/usr/lib/gcc/arm-none-eabi/9.2.1/../../../arm-none-eabi/lib/thumb/v7e-m+fp/softfp/libg.a(lib_a-memcpy.o)
                              build/tsb0//home/karl/node-apps/zoo/FreeRTOS-Kernel/queue.o (memcpy)
/usr/lib/gcc/arm-none-eabi/9.2.1/../../../arm-none-eabi/lib/thumb/v7e-m+fp/softfp/libg.a(lib_a-memset.o)
                              build/tsb0/adc_ldma_read_main.o (memset)
/usr/lib/gcc/arm-none-eabi/9.2.1/../../../arm-none-eabi/lib/thumb/v7e-m+fp/softfp/libg.a(lib_a-mlock.o)
                              /usr/lib/gcc/arm-none-eabi/9.2.1/../../../arm-none-eabi/lib/thumb/v7e-m+fp/softfp/libg.a(lib_a-freer.o) (__malloc_lock)
/usr/lib/gcc/arm-none-eabi/9.2.1/../../../arm-none-eabi/lib/thumb/v7e-m+fp/softfp/libg.a(lib_a-sbrkr.o)
                              /usr/lib/gcc/arm-none-eabi/9.2.1/../../../arm-none-eabi/lib/thumb/v7e-m+fp/softfp/libg.a(lib_a-freer.o) (_sbrk_r)
/usr/lib/gcc/arm-none-eabi/9.2.1/../../../arm-none-eabi/lib/thumb/v7e-m+fp/softfp/libg.a(lib_a-setvbuf.o)
                              build/tsb0//home/karl/SimplicityStudio_v5/developer/sdks/gecko_sdk_suite/v3.2/hardware/kit/common/drivers/retargetserial.o (setvbuf)
/usr/lib/gcc/arm-none-eabi/9.2.1/../../../arm-none-eabi/lib/thumb/v7e-m+fp/softfp/libg.a(lib_a-snprintf.o)
                              build/tsb0//home/karl/node-apps/zoo/thinnect.lll/logging/loggers_ext.o (snprintf)
/usr/lib/gcc/arm-none-eabi/9.2.1/../../../arm-none-eabi/lib/thumb/v7e-m+fp/softfp/libg.a(lib_a-stdio.o)
                              /usr/lib/gcc/arm-none-eabi/9.2.1/../../../arm-none-eabi/lib/thumb/v7e-m+fp/softfp/libg.a(lib_a-findfp.o) (__sread)
/usr/lib/gcc/arm-none-eabi/9.2.1/../../../arm-none-eabi/lib/thumb/v7e-m+fp/softfp/libg.a(lib_a-svfprintf.o)
                              /usr/lib/gcc/arm-none-eabi/9.2.1/../../../arm-none-eabi/lib/thumb/v7e-m+fp/softfp/libg.a(lib_a-snprintf.o) (_svfprintf_r)
/usr/lib/gcc/arm-none-eabi/9.2.1/../../../arm-none-eabi/lib/thumb/v7e-m+fp/softfp/libg.a(lib_a-vsnprintf.o)
                              build/tsb0//home/karl/node-apps/zoo/thinnect.lll/logging/loggers_ext.o (vsnprintf)
/usr/lib/gcc/arm-none-eabi/9.2.1/../../../arm-none-eabi/lib/thumb/v7e-m+fp/softfp/libg.a(lib_a-writer.o)
                              /usr/lib/gcc/arm-none-eabi/9.2.1/../../../arm-none-eabi/lib/thumb/v7e-m+fp/softfp/libg.a(lib_a-stdio.o) (_write_r)
/usr/lib/gcc/arm-none-eabi/9.2.1/../../../arm-none-eabi/lib/thumb/v7e-m+fp/softfp/libg.a(lib_a-closer.o)
                              /usr/lib/gcc/arm-none-eabi/9.2.1/../../../arm-none-eabi/lib/thumb/v7e-m+fp/softfp/libg.a(lib_a-stdio.o) (_close_r)
[...]
Memory Configuration

Name             Origin             Length             Attributes
FLASH            0x0000000000000000 0x0000000000100000 xr
RAM              0x0000000020000000 0x0000000000040000 xrw
*default*        0x0000000000000000 0xffffffffffffffff

Linker script and memory map

LOAD build/tsb0/adc_ldma_read_main.o
LOAD build/tsb0/adc_config.o
LOAD build/tsb0/ldma_config.o
LOAD build/tsb0//home/karl/node-apps/zoo/FreeRTOS-Kernel/portable/GCC/ARM_CM4F/port.o
LOAD build/tsb0//home/karl/node-apps/zoo/FreeRTOS-Kernel/portable/MemMang/heap_5.o
LOAD build/tsb0//home/karl/node-apps/zoo/FreeRTOS-Kernel/queue.o
LOAD build/tsb0//home/karl/node-apps/zoo/FreeRTOS-Kernel/croutine.o
LOAD build/tsb0//home/karl/node-apps/zoo/FreeRTOS-Kernel/list.o
LOAD build/tsb0//home/karl/node-apps/zoo/FreeRTOS-Kernel/stream_buffer.o
LOAD build/tsb0//home/karl/node-apps/zoo/FreeRTOS-Kernel/event_groups.o
LOAD build/tsb0//home/karl/node-apps/zoo/FreeRTOS-Kernel/tasks.o
LOAD build/tsb0//home/karl/node-apps/zoo/FreeRTOS-Kernel/timers.o
LOAD build/tsb0//home/karl/node-apps/zoo/thinnect.cmsis-freertos/CMSIS-FreeRTOS/CMSIS/RTOS2/FreeRTOS/Source/cmsis_os2.o
LOAD build/tsb0//home/karl/SimplicityStudio_v5/developer/sdks/gecko_sdk_suite/v3.2/hardware/kit/common/drivers/retargetserial.o
LOAD build/tsb0//home/karl/SimplicityStudio_v5/developer/sdks/gecko_sdk_suite/v3.2/hardware/kit/common/drivers/retargetio.o
LOAD build/tsb0//home/karl/SimplicityStudio_v5/developer/sdks/gecko_sdk_suite/v3.2/platform/emlib/src/em_system.o
LOAD build/tsb0//home/karl/SimplicityStudio_v5/developer/sdks/gecko_sdk_suite/v3.2/platform/emlib/src/em_core.o
LOAD build/tsb0//home/karl/SimplicityStudio_v5/developer/sdks/gecko_sdk_suite/v3.2/platform/emlib/src/em_emu.o
LOAD build/tsb0//home/karl/SimplicityStudio_v5/developer/sdks/gecko_sdk_suite/v3.2/platform/emlib/src/em_cmu.o
LOAD build/tsb0//home/karl/SimplicityStudio_v5/developer/sdks/gecko_sdk_suite/v3.2/platform/emlib/src/em_rmu.o
LOAD build/tsb0//home/karl/SimplicityStudio_v5/developer/sdks/gecko_sdk_suite/v3.2/platform/emlib/src/em_gpio.o
LOAD build/tsb0//home/karl/SimplicityStudio_v5/developer/sdks/gecko_sdk_suite/v3.2/platform/emlib/src/em_usart.o
LOAD build/tsb0//home/karl/SimplicityStudio_v5/developer/sdks/gecko_sdk_suite/v3.2/platform/emlib/src/em_msc.o
LOAD build/tsb0//home/karl/SimplicityStudio_v5/developer/sdks/gecko_sdk_suite/v3.2/platform/emlib/src/em_timer.o
LOAD build/tsb0//home/karl/SimplicityStudio_v5/developer/sdks/gecko_sdk_suite/v3.2/platform/emlib/src/em_adc.o
LOAD build/tsb0//home/karl/SimplicityStudio_v5/developer/sdks/gecko_sdk_suite/v3.2/platform/emlib/src/em_ldma.o
LOAD build/tsb0//home/karl/SimplicityStudio_v5/developer/sdks/gecko_sdk_suite/v3.2/platform/emlib/src/em_prs.o
LOAD build/tsb0//home/karl/node-apps/zoo/thinnect.node-platform/silabs/logger_fwrite.o
LOAD build/tsb0//home/karl/node-apps/zoo/thinnect.lll/logging/loggers_ext.o
LOAD build/tsb0//home/karl/node-apps/zoo/thinnect.device-signature/signature/DeviceSignature.o
LOAD build/tsb0//home/karl/node-apps/zoo/thinnect.device-signature/area/silabs/SignatureArea.o
LOAD build/tsb0//home/karl/node-apps/zoo/lammertb.libcrc/src/crcccitt.o
LOAD build/tsb0//home/karl/SimplicityStudio_v5/developer/sdks/gecko_sdk_suite/v3.2/platform/Device/SiliconLabs/EFR32MG12P/Source/GCC/startup_efr32mg12p.o
LOAD build/tsb0//home/karl/SimplicityStudio_v5/developer/sdks/gecko_sdk_suite/v3.2/platform/Device/SiliconLabs/EFR32MG12P/Source/system_efr32mg12p.o
LOAD build/tsb0//home/karl/node-apps/zoo/thinnect.dev-platforms/make/boards/../../src/boards/tsb0/platform.o
LOAD build/tsb0//home/karl/node-apps/zoo/thinnect.node-platform/silabs/platform_io.o
LOAD /usr/lib/gcc/arm-none-eabi/9.2.1/thumb/v7e-m+fp/softfp/libgcc.a
LOAD /usr/lib/gcc/arm-none-eabi/9.2.1/../../../arm-none-eabi/lib/thumb/v7e-m+fp/softfp/libm.a
LOAD /home/karl/SimplicityStudio_v5/developer/sdks/gecko_sdk_suite/v3.2/platform/CMSIS/Lib/GCC/libarm_cortexM4lf_math.a
LOAD /home/karl/SimplicityStudio_v5/developer/sdks/gecko_sdk_suite/v3.2/platform/radio/rail_lib/autogen/librail_release/librail_efr32xg12_gcc_release.a

.text           0x0000000000000000     0xf0bd
 *(.vectors)
 .vectors       0x0000000000000000      0x10c build/tsb0//home/karl/SimplicityStudio_v5/developer/sdks/gecko_sdk_suite/v3.2/platform/Device/SiliconLabs/EFR32MG12P/Source/GCC/startup_efr32mg12p.o
                0x0000000000000000                __Vectors
                0x000000000000010c                __Vectors_End = .
                0x000000000000010c                __Vectors_Size = (__Vectors_End - __Vectors)
                0x0000000020011670                __end__ = .
 *(.text*)
 .text.adc_loop
                0x000000000000010c       0x98 build/tsb0/adc_ldma_read_main.o
                0x000000000000010c                adc_loop
 .text.calc_signal_energy
                0x00000000000001a4      0x128 build/tsb0/adc_ldma_read_main.o
 .text.logger_fwrite_boot
                0x00000000000002cc       0x34 build/tsb0/adc_ldma_read_main.o
                0x00000000000002cc                logger_fwrite_boot
 .text.main     0x0000000000000300       0xc8 build/tsb0/adc_ldma_read_main.o
                0x0000000000000300                main
 .text.TIMER_Valid
                0x00000000000003c8       0x50 build/tsb0/adc_config.o
 .text.TIMER_MaxCount
                0x0000000000000418       0x38 build/tsb0/adc_config.o
 .text.TIMER_Enable
                0x0000000000000450       0x2e build/tsb0/adc_config.o
 .text.TIMER_TopSet
                0x000000000000047e       0x1e build/tsb0/adc_config.o
 .text.adc_ldma_irq
                0x000000000000049c       0x24 build/tsb0/adc_config.o
                0x000000000000049c                adc_ldma_irq
 .text.adc_init
                0x00000000000004c0       0x48 build/tsb0/adc_config.o
                0x00000000000004c0                adc_init
 .text.adc_start_sampling
                0x0000000000000508       0x20 build/tsb0/adc_config.o
                0x0000000000000508                adc_start_sampling
 .text.adc_ldma_setup
                0x0000000000000528      0x224 build/tsb0/adc_config.o
 .text.adc_scan_setup
                0x000000000000074c       0xb4 build/tsb0/adc_config.o
 .text.__NVIC_EnableIRQ
                0x0000000000000800       0x3c build/tsb0/ldma_config.o
 .text.__NVIC_ClearPendingIRQ
                0x000000000000083c       0x3c build/tsb0/ldma_config.o
 .text.LDMA_IntEnable
                0x0000000000000878       0x24 build/tsb0/ldma_config.o
 .text.LDMA_IntGetEnabled
                0x000000000000089c       0x24 build/tsb0/ldma_config.o
 .text.LDMA_IRQHandler
                0x00000000000008c0       0x34 build/tsb0/ldma_config.o
                0x00000000000008c0                LDMA_IRQHandler
 .text.ldma_init
                0x00000000000008f4       0x1c build/tsb0/ldma_config.o
                0x00000000000008f4                ldma_init
 .text.ldma_adc_start
                0x0000000000000910       0x30 build/tsb0/ldma_config.o
                0x0000000000000910                ldma_adc_start
 .text.pxPortInitialiseStack
                0x0000000000000940       0x68 build/tsb0//home/karl/node-apps/zoo/FreeRTOS-Kernel/portable/GCC/ARM_CM4F/port.o
                0x0000000000000940                pxPortInitialiseStack
 .text.prvTaskExitError
                0x00000000000009a8       0x48 build/tsb0//home/karl/node-apps/zoo/FreeRTOS-Kernel/portable/GCC/ARM_CM4F/port.o
 .text.SVC_Handler
                0x00000000000009f0       0x28 build/tsb0//home/karl/node-apps/zoo/FreeRTOS-Kernel/portable/GCC/ARM_CM4F/port.o
                0x00000000000009f0                SVC_Handler
 .text.prvPortStartFirstTask
                0x0000000000000a18       0x28 build/tsb0//home/karl/node-apps/zoo/FreeRTOS-Kernel/portable/GCC/ARM_CM4F/port.o
 .text.xPortStartScheduler
                0x0000000000000a40      0x10c build/tsb0//home/karl/node-apps/zoo/FreeRTOS-Kernel/portable/GCC/ARM_CM4F/port.o
                0x0000000000000a40                xPortStartScheduler
 .text.vPortEnterCritical
                0x0000000000000b4c       0x50 build/tsb0//home/karl/node-apps/zoo/FreeRTOS-Kernel/portable/GCC/ARM_CM4F/port.o
                0x0000000000000b4c                vPortEnterCritical
 .text.vPortExitCritical
                0x0000000000000b9c       0x40 build/tsb0//home/karl/node-apps/zoo/FreeRTOS-Kernel/portable/GCC/ARM_CM4F/port.o
                0x0000000000000b9c                vPortExitCritical
 *fill*         0x0000000000000bdc        0x4 
 .text.PendSV_Handler
                0x0000000000000be0       0x68 build/tsb0//home/karl/node-apps/zoo/FreeRTOS-Kernel/portable/GCC/ARM_CM4F/port.o
                0x0000000000000be0                PendSV_Handler
 .text.xPortSysTickHandler
                0x0000000000000c48       0x44 build/tsb0//home/karl/node-apps/zoo/FreeRTOS-Kernel/portable/GCC/ARM_CM4F/port.o
                0x0000000000000c48                xPortSysTickHandler
 .text.vPortSetupTimerInterrupt
                0x0000000000000c8c       0x48 build/tsb0//home/karl/node-apps/zoo/FreeRTOS-Kernel/portable/GCC/ARM_CM4F/port.o
                0x0000000000000c8c                vPortSetupTimerInterrupt
 .text.vPortEnableVFP
                0x0000000000000cd4       0x14 build/tsb0//home/karl/node-apps/zoo/FreeRTOS-Kernel/portable/GCC/ARM_CM4F/port.o
 .text.vPortValidateInterruptPriority
                0x0000000000000ce8       0x5c build/tsb0//home/karl/node-apps/zoo/FreeRTOS-Kernel/portable/GCC/ARM_CM4F/port.o
                0x0000000000000ce8                vPortValidateInterruptPriority
 .text.pvPortMalloc
                0x0000000000000d44      0x134 build/tsb0//home/karl/node-apps/zoo/FreeRTOS-Kernel/portable/MemMang/heap_5.o
                0x0000000000000d44                pvPortMalloc
 .text.vPortFree
                0x0000000000000e78       0xa0 build/tsb0//home/karl/node-apps/zoo/FreeRTOS-Kernel/portable/MemMang/heap_5.o
                0x0000000000000e78                vPortFree
 .text.prvInsertBlockIntoFreeList
                0x0000000000000f18       0xb4 build/tsb0//home/karl/node-apps/zoo/FreeRTOS-Kernel/portable/MemMang/heap_5.o
 .text.vPortDefineHeapRegions
                0x0000000000000fcc      0x14c build/tsb0//home/karl/node-apps/zoo/FreeRTOS-Kernel/portable/MemMang/heap_5.o
                0x0000000000000fcc                vPortDefineHeapRegions
 .text.xQueueGenericReset
                0x0000000000001118       0xc0 build/tsb0//home/karl/node-apps/zoo/FreeRTOS-Kernel/queue.o
                0x0000000000001118                xQueueGenericReset
 .text.xQueueGenericCreateStatic
                0x00000000000011d8       0x96 build/tsb0//home/karl/node-apps/zoo/FreeRTOS-Kernel/queue.o
                0x00000000000011d8                xQueueGenericCreateStatic
 .text.xQueueGenericCreate
                0x000000000000126e       0x62 build/tsb0//home/karl/node-apps/zoo/FreeRTOS-Kernel/queue.o
                0x000000000000126e                xQueueGenericCreate
 .text.prvInitialiseNewQueue
                0x00000000000012d0       0x46 build/tsb0//home/karl/node-apps/zoo/FreeRTOS-Kernel/queue.o
 .text.prvInitialiseMutex
                0x0000000000001316       0x34 build/tsb0//home/karl/node-apps/zoo/FreeRTOS-Kernel/queue.o
 .text.xQueueCreateMutex
                0x000000000000134a       0x30 build/tsb0//home/karl/node-apps/zoo/FreeRTOS-Kernel/queue.o
                0x000000000000134a                xQueueCreateMutex
 .text.xQueueCreateMutexStatic
                0x000000000000137a       0x36 build/tsb0//home/karl/node-apps/zoo/FreeRTOS-Kernel/queue.o
                0x000000000000137a                xQueueCreateMutexStatic
 .text.xQueueGiveMutexRecursive
                0x00000000000013b0       0x56 build/tsb0//home/karl/node-apps/zoo/FreeRTOS-Kernel/queue.o
                0x00000000000013b0                xQueueGiveMutexRecursive
 .text.xQueueTakeMutexRecursive
                0x0000000000001406       0x5a build/tsb0//home/karl/node-apps/zoo/FreeRTOS-Kernel/queue.o
                0x0000000000001406                xQueueTakeMutexRecursive
 .text.xQueueGenericSend
                0x0000000000001460      0x1b4 build/tsb0//home/karl/node-apps/zoo/FreeRTOS-Kernel/queue.o
                0x0000000000001460                xQueueGenericSend
 .text.xQueueGenericSendFromISR
                0x0000000000001614      0x100 build/tsb0//home/karl/node-apps/zoo/FreeRTOS-Kernel/queue.o
                0x0000000000001614                xQueueGenericSendFromISR
 .text.xQueueReceive
                0x0000000000001714      0x188 build/tsb0//home/karl/node-apps/zoo/FreeRTOS-Kernel/queue.o
                0x0000000000001714                xQueueReceive
 .text.xQueueSemaphoreTake
                0x000000000000189c      0x1d0 build/tsb0//home/karl/node-apps/zoo/FreeRTOS-Kernel/queue.o
                0x000000000000189c                xQueueSemaphoreTake
 .text.prvGetDisinheritPriorityAfterTimeout
                0x0000000000001a6c       0x30 build/tsb0//home/karl/node-apps/zoo/FreeRTOS-Kernel/queue.o
 .text.prvCopyDataToQueue
                0x0000000000001a9c       0xd4 build/tsb0//home/karl/node-apps/zoo/FreeRTOS-Kernel/queue.o
 .text.prvCopyDataFromQueue
                0x0000000000001b70       0x4c build/tsb0//home/karl/node-apps/zoo/FreeRTOS-Kernel/queue.o
 .text.prvUnlockQueue
                0x0000000000001bbc       0xa4 build/tsb0//home/karl/node-apps/zoo/FreeRTOS-Kernel/queue.o
 .text.prvIsQueueEmpty
                0x0000000000001c60       0x2c build/tsb0//home/karl/node-apps/zoo/FreeRTOS-Kernel/queue.o
 .text.prvIsQueueFull
                0x0000000000001c8c       0x30 build/tsb0//home/karl/node-apps/zoo/FreeRTOS-Kernel/queue.o
 .text.vQueueWaitForMessageRestricted
                0x0000000000001cbc       0x68 build/tsb0//home/karl/node-apps/zoo/FreeRTOS-Kernel/queue.o
                0x0000000000001cbc                vQueueWaitForMessageRestricted
 .text.vListInitialise
                0x0000000000001d24       0x40 build/tsb0//home/karl/node-apps/zoo/FreeRTOS-Kernel/list.o
                0x0000000000001d24                vListInitialise
 .text.vListInitialiseItem
                0x0000000000001d64       0x1a build/tsb0//home/karl/node-apps/zoo/FreeRTOS-Kernel/list.o
                0x0000000000001d64                vListInitialiseItem
 .text.vListInsertEnd
                0x0000000000001d7e       0x48 build/tsb0//home/karl/node-apps/zoo/FreeRTOS-Kernel/list.o
                0x0000000000001d7e                vListInsertEnd
 .text.vListInsert
                0x0000000000001dc6       0x72 build/tsb0//home/karl/node-apps/zoo/FreeRTOS-Kernel/list.o
                0x0000000000001dc6                vListInsert
 .text.uxListRemove
                0x0000000000001e38       0x54 build/tsb0//home/karl/node-apps/zoo/FreeRTOS-Kernel/list.o
                0x0000000000001e38                uxListRemove
 .text.xTaskCreateStatic
                0x0000000000001e8c       0x84 build/tsb0//home/karl/node-apps/zoo/FreeRTOS-Kernel/tasks.o
                0x0000000000001e8c                xTaskCreateStatic
 .text.xTaskCreate
                0x0000000000001f10       0x8a build/tsb0//home/karl/node-apps/zoo/FreeRTOS-Kernel/tasks.o
                0x0000000000001f10                xTaskCreate
 .text.prvInitialiseNewTask
                0x0000000000001f9a      0x112 build/tsb0//home/karl/node-apps/zoo/FreeRTOS-Kernel/tasks.o
 .text.prvAddNewTaskToReadyList
                0x00000000000020ac       0xe0 build/tsb0//home/karl/node-apps/zoo/FreeRTOS-Kernel/tasks.o
 .text.vTaskDelay
                0x000000000000218c       0x58 build/tsb0//home/karl/node-apps/zoo/FreeRTOS-Kernel/tasks.o
                0x000000000000218c                vTaskDelay
 .text.vTaskStartScheduler
                0x00000000000021e4       0xbc build/tsb0//home/karl/node-apps/zoo/FreeRTOS-Kernel/tasks.o
                0x00000000000021e4                vTaskStartScheduler
 .text.vTaskSuspendAll
                0x00000000000022a0       0x1c build/tsb0//home/karl/node-apps/zoo/FreeRTOS-Kernel/tasks.o
                0x00000000000022a0                vTaskSuspendAll
 .text.xTaskResumeAll
                0x00000000000022bc      0x128 build/tsb0//home/karl/node-apps/zoo/FreeRTOS-Kernel/tasks.o
                0x00000000000022bc                xTaskResumeAll
 .text.xTaskGetTickCount
                0x00000000000023e4       0x20 build/tsb0//home/karl/node-apps/zoo/FreeRTOS-Kernel/tasks.o
                0x00000000000023e4                xTaskGetTickCount
 .text.xTaskIncrementTick
                0x0000000000002404      0x160 build/tsb0//home/karl/node-apps/zoo/FreeRTOS-Kernel/tasks.o
                0x0000000000002404                xTaskIncrementTick
 .text.vTaskSwitchContext
                0x0000000000002564       0xf4 build/tsb0//home/karl/node-apps/zoo/FreeRTOS-Kernel/tasks.o
                0x0000000000002564                vTaskSwitchContext
 .text.vTaskPlaceOnEventList
                0x0000000000002658       0x38 build/tsb0//home/karl/node-apps/zoo/FreeRTOS-Kernel/tasks.o
                0x0000000000002658                vTaskPlaceOnEventList
 .text.vTaskPlaceOnEventListRestricted
                0x0000000000002690       0x44 build/tsb0//home/karl/node-apps/zoo/FreeRTOS-Kernel/tasks.o
                0x0000000000002690                vTaskPlaceOnEventListRestricted
 .text.xTaskRemoveFromEventList
                0x00000000000026d4       0xb4 build/tsb0//home/karl/node-apps/zoo/FreeRTOS-Kernel/tasks.o
                0x00000000000026d4                xTaskRemoveFromEventList
 .text.vTaskInternalSetTimeOutState
                0x0000000000002788       0x2c build/tsb0//home/karl/node-apps/zoo/FreeRTOS-Kernel/tasks.o
                0x0000000000002788                vTaskInternalSetTimeOutState
 .text.xTaskCheckForTimeOut
                0x00000000000027b4       0xa0 build/tsb0//home/karl/node-apps/zoo/FreeRTOS-Kernel/tasks.o
                0x00000000000027b4                xTaskCheckForTimeOut
 .text.vTaskMissedYield
                0x0000000000002854       0x18 build/tsb0//home/karl/node-apps/zoo/FreeRTOS-Kernel/tasks.o
                0x0000000000002854                vTaskMissedYield
 .text.prvIdleTask
                0x000000000000286c       0x30 build/tsb0//home/karl/node-apps/zoo/FreeRTOS-Kernel/tasks.o
 .text.prvInitialiseTaskLists
                0x000000000000289c       0x80 build/tsb0//home/karl/node-apps/zoo/FreeRTOS-Kernel/tasks.o
 .text.prvCheckTasksWaitingTermination
                0x000000000000291c       0x5c build/tsb0//home/karl/node-apps/zoo/FreeRTOS-Kernel/tasks.o
 .text.prvDeleteTCB
                0x0000000000002978       0x4c build/tsb0//home/karl/node-apps/zoo/FreeRTOS-Kernel/tasks.o
 .text.prvResetNextTaskUnblockTime
                0x00000000000029c4       0x40 build/tsb0//home/karl/node-apps/zoo/FreeRTOS-Kernel/tasks.o
 .text.xTaskGetCurrentTaskHandle
                0x0000000000002a04       0x20 build/tsb0//home/karl/node-apps/zoo/FreeRTOS-Kernel/tasks.o
                0x0000000000002a04                xTaskGetCurrentTaskHandle
 .text.xTaskGetSchedulerState
                0x0000000000002a24       0x3c build/tsb0//home/karl/node-apps/zoo/FreeRTOS-Kernel/tasks.o
                0x0000000000002a24                xTaskGetSchedulerState
 .text.xTaskPriorityInherit
                0x0000000000002a60       0xd0 build/tsb0//home/karl/node-apps/zoo/FreeRTOS-Kernel/tasks.o
                0x0000000000002a60                xTaskPriorityInherit
 .text.xTaskPriorityDisinherit
                0x0000000000002b30       0xb8 build/tsb0//home/karl/node-apps/zoo/FreeRTOS-Kernel/tasks.o
                0x0000000000002b30                xTaskPriorityDisinherit
 .text.vTaskPriorityDisinheritAfterTimeout
                0x0000000000002be8       0xe0 build/tsb0//home/karl/node-apps/zoo/FreeRTOS-Kernel/tasks.o
                0x0000000000002be8                vTaskPriorityDisinheritAfterTimeout
 .text.pvTaskIncrementMutexHeldCount
                0x0000000000002cc8       0x28 build/tsb0//home/karl/node-apps/zoo/FreeRTOS-Kernel/tasks.o
                0x0000000000002cc8                pvTaskIncrementMutexHeldCount
 .text.xTaskNotifyWait
                0x0000000000002cf0       0xb4 build/tsb0//home/karl/node-apps/zoo/FreeRTOS-Kernel/tasks.o
                0x0000000000002cf0                xTaskNotifyWait
 .text.xTaskGenericNotify
                0x0000000000002da4      0x138 build/tsb0//home/karl/node-apps/zoo/FreeRTOS-Kernel/tasks.o
                0x0000000000002da4                xTaskGenericNotify
 .text.xTaskGenericNotifyFromISR
                0x0000000000002edc      0x184 build/tsb0//home/karl/node-apps/zoo/FreeRTOS-Kernel/tasks.o
                0x0000000000002edc                xTaskGenericNotifyFromISR
 .text.prvAddCurrentTaskToDelayedList
                0x0000000000003060       0xa8 build/tsb0//home/karl/node-apps/zoo/FreeRTOS-Kernel/tasks.o
 .text.xTimerCreateTimerTask
                0x0000000000003108       0x7c build/tsb0//home/karl/node-apps/zoo/FreeRTOS-Kernel/timers.o
                0x0000000000003108                xTimerCreateTimerTask
 .text.xTimerGenericCommand
                0x0000000000003184       0x88 build/tsb0//home/karl/node-apps/zoo/FreeRTOS-Kernel/timers.o
                0x0000000000003184                xTimerGenericCommand
 .text.prvProcessExpiredTimer
                0x000000000000320c       0x88 build/tsb0//home/karl/node-apps/zoo/FreeRTOS-Kernel/timers.o
 .text.prvTimerTask
                0x0000000000003294       0x24 build/tsb0//home/karl/node-apps/zoo/FreeRTOS-Kernel/timers.o
 .text.prvProcessTimerOrBlockTask
                0x00000000000032b8       0x9c build/tsb0//home/karl/node-apps/zoo/FreeRTOS-Kernel/timers.o
 .text.prvGetNextExpireTime
                0x0000000000003354       0x48 build/tsb0//home/karl/node-apps/zoo/FreeRTOS-Kernel/timers.o
 .text.prvSampleTimeNow
                0x000000000000339c       0x40 build/tsb0//home/karl/node-apps/zoo/FreeRTOS-Kernel/timers.o
 .text.prvInsertTimerInActiveList
                0x00000000000033dc       0x84 build/tsb0//home/karl/node-apps/zoo/FreeRTOS-Kernel/timers.o
 .text.prvProcessReceivedCommands
                0x0000000000003460      0x190 build/tsb0//home/karl/node-apps/zoo/FreeRTOS-Kernel/timers.o
 .text.prvSwitchTimerLists
                0x00000000000035f0       0xb8 build/tsb0//home/karl/node-apps/zoo/FreeRTOS-Kernel/timers.o
 .text.prvCheckForValidListAndQueue
                0x00000000000036a8       0x68 build/tsb0//home/karl/node-apps/zoo/FreeRTOS-Kernel/timers.o
 .text.__NVIC_SetPriority
                0x0000000000003710       0x54 build/tsb0//home/karl/node-apps/zoo/thinnect.cmsis-freertos/CMSIS-FreeRTOS/CMSIS/RTOS2/FreeRTOS/Source/cmsis_os2.o
 .text.SysTick_Handler
                0x0000000000003764       0x20 build/tsb0//home/karl/node-apps/zoo/thinnect.cmsis-freertos/CMSIS-FreeRTOS/CMSIS/RTOS2/FreeRTOS/Source/cmsis_os2.o
                0x0000000000003764                SysTick_Handler
 .text.SVC_Setup
                0x0000000000003784       0x12 build/tsb0//home/karl/node-apps/zoo/thinnect.cmsis-freertos/CMSIS-FreeRTOS/CMSIS/RTOS2/FreeRTOS/Source/cmsis_os2.o
 *fill*         0x0000000000003796        0x2 
 .text.osKernelInitialize
                0x0000000000003798       0x6c build/tsb0//home/karl/node-apps/zoo/thinnect.cmsis-freertos/CMSIS-FreeRTOS/CMSIS/RTOS2/FreeRTOS/Source/cmsis_os2.o
                0x0000000000003798                osKernelInitialize
 .text.osKernelGetState
                0x0000000000003804       0x44 build/tsb0//home/karl/node-apps/zoo/thinnect.cmsis-freertos/CMSIS-FreeRTOS/CMSIS/RTOS2/FreeRTOS/Source/cmsis_os2.o
                0x0000000000003804                osKernelGetState
 .text.osKernelStart
                0x0000000000003848       0x6c build/tsb0//home/karl/node-apps/zoo/thinnect.cmsis-freertos/CMSIS-FreeRTOS/CMSIS/RTOS2/FreeRTOS/Source/cmsis_os2.o
                0x0000000000003848                osKernelStart
 .text.osThreadNew
                0x00000000000038b4      0x14c build/tsb0//home/karl/node-apps/zoo/thinnect.cmsis-freertos/CMSIS-FreeRTOS/CMSIS/RTOS2/FreeRTOS/Source/cmsis_os2.o
                0x00000000000038b4                osThreadNew
 .text.osThreadFlagsSet
                0x0000000000003a00       0xc0 build/tsb0//home/karl/node-apps/zoo/thinnect.cmsis-freertos/CMSIS-FreeRTOS/CMSIS/RTOS2/FreeRTOS/Source/cmsis_os2.o
                0x0000000000003a00                osThreadFlagsSet
 .text.osThreadFlagsClear
                0x0000000000003ac0       0xa0 build/tsb0//home/karl/node-apps/zoo/thinnect.cmsis-freertos/CMSIS-FreeRTOS/CMSIS/RTOS2/FreeRTOS/Source/cmsis_os2.o
                0x0000000000003ac0                osThreadFlagsClear
 .text.osThreadFlagsWait
                0x0000000000003b60      0x128 build/tsb0//home/karl/node-apps/zoo/thinnect.cmsis-freertos/CMSIS-FreeRTOS/CMSIS/RTOS2/FreeRTOS/Source/cmsis_os2.o
                0x0000000000003b60                osThreadFlagsWait
 .text.osDelay  0x0000000000003c88       0x5c build/tsb0//home/karl/node-apps/zoo/thinnect.cmsis-freertos/CMSIS-FreeRTOS/CMSIS/RTOS2/FreeRTOS/Source/cmsis_os2.o
                0x0000000000003c88                osDelay
 .text.osMutexNew
                0x0000000000003ce4      0x110 build/tsb0//home/karl/node-apps/zoo/thinnect.cmsis-freertos/CMSIS-FreeRTOS/CMSIS/RTOS2/FreeRTOS/Source/cmsis_os2.o
                0x0000000000003ce4                osMutexNew
 .text.osMutexAcquire
                0x0000000000003df4       0xbc build/tsb0//home/karl/node-apps/zoo/thinnect.cmsis-freertos/CMSIS-FreeRTOS/CMSIS/RTOS2/FreeRTOS/Source/cmsis_os2.o
                0x0000000000003df4                osMutexAcquire
 .text.osMutexRelease
                0x0000000000003eb0       0xa0 build/tsb0//home/karl/node-apps/zoo/thinnect.cmsis-freertos/CMSIS-FreeRTOS/CMSIS/RTOS2/FreeRTOS/Source/cmsis_os2.o
                0x0000000000003eb0                osMutexRelease
 .text.vApplicationStackOverflowHook
                0x0000000000003f50        0xe build/tsb0//home/karl/node-apps/zoo/thinnect.cmsis-freertos/CMSIS-FreeRTOS/CMSIS/RTOS2/FreeRTOS/Source/cmsis_os2.o
                0x0000000000003f50                vApplicationStackOverflowHook
 *fill*         0x0000000000003f5e        0x2 
 .text.vApplicationGetIdleTaskMemory
                0x0000000000003f60       0x34 build/tsb0//home/karl/node-apps/zoo/thinnect.cmsis-freertos/CMSIS-FreeRTOS/CMSIS/RTOS2/FreeRTOS/Source/cmsis_os2.o
                0x0000000000003f60                vApplicationGetIdleTaskMemory
 .text.vApplicationGetTimerTaskMemory
                0x0000000000003f94       0x34 build/tsb0//home/karl/node-apps/zoo/thinnect.cmsis-freertos/CMSIS-FreeRTOS/CMSIS/RTOS2/FreeRTOS/Source/cmsis_os2.o
                0x0000000000003f94                vApplicationGetTimerTaskMemory
 .text.__NVIC_EnableIRQ
                0x0000000000003fc8       0x3c build/tsb0//home/karl/SimplicityStudio_v5/developer/sdks/gecko_sdk_suite/v3.2/hardware/kit/common/drivers/retargetserial.o
 .text.__NVIC_ClearPendingIRQ
                0x0000000000004004       0x3c build/tsb0//home/karl/SimplicityStudio_v5/developer/sdks/gecko_sdk_suite/v3.2/hardware/kit/common/drivers/retargetserial.o
 .text.USART_IntClear
                0x0000000000004040       0x1c build/tsb0//home/karl/SimplicityStudio_v5/developer/sdks/gecko_sdk_suite/v3.2/hardware/kit/common/drivers/retargetserial.o
 .text.USART_IntDisable
                0x000000000000405c       0x24 build/tsb0//home/karl/SimplicityStudio_v5/developer/sdks/gecko_sdk_suite/v3.2/hardware/kit/common/drivers/retargetserial.o
 .text.USART_IntEnable
                0x0000000000004080       0x22 build/tsb0//home/karl/SimplicityStudio_v5/developer/sdks/gecko_sdk_suite/v3.2/hardware/kit/common/drivers/retargetserial.o
 *fill*         0x00000000000040a2        0x2 
 .text.disableRxInterrupt
                0x00000000000040a4       0x14 build/tsb0//home/karl/SimplicityStudio_v5/developer/sdks/gecko_sdk_suite/v3.2/hardware/kit/common/drivers/retargetserial.o
 .text.enableRxInterrupt
                0x00000000000040b8       0x14 build/tsb0//home/karl/SimplicityStudio_v5/developer/sdks/gecko_sdk_suite/v3.2/hardware/kit/common/drivers/retargetserial.o
 .text.USART0_RX_IRQHandler
                0x00000000000040cc       0x68 build/tsb0//home/karl/SimplicityStudio_v5/developer/sdks/gecko_sdk_suite/v3.2/hardware/kit/common/drivers/retargetserial.o
                0x00000000000040cc                USART0_RX_IRQHandler
 .text.RETARGET_SerialInit
                0x0000000000004134       0xd8 build/tsb0//home/karl/SimplicityStudio_v5/developer/sdks/gecko_sdk_suite/v3.2/hardware/kit/common/drivers/retargetserial.o
                0x0000000000004134                RETARGET_SerialInit
 .text.RETARGET_ReadChar
                0x000000000000420c       0x80 build/tsb0//home/karl/SimplicityStudio_v5/developer/sdks/gecko_sdk_suite/v3.2/hardware/kit/common/drivers/retargetserial.o
                0x000000000000420c                RETARGET_ReadChar
 .text.RETARGET_WriteChar
                0x000000000000428c       0x54 build/tsb0//home/karl/SimplicityStudio_v5/developer/sdks/gecko_sdk_suite/v3.2/hardware/kit/common/drivers/retargetserial.o
                0x000000000000428c                RETARGET_WriteChar
 .text._close   0x00000000000042e0       0x16 build/tsb0//home/karl/SimplicityStudio_v5/developer/sdks/gecko_sdk_suite/v3.2/hardware/kit/common/drivers/retargetio.o
                0x00000000000042e0                _close
 .text._exit    0x00000000000042f6        0xa build/tsb0//home/karl/SimplicityStudio_v5/developer/sdks/gecko_sdk_suite/v3.2/hardware/kit/common/drivers/retargetio.o
                0x00000000000042f6                _exit
 .text._fstat   0x0000000000004300       0x20 build/tsb0//home/karl/SimplicityStudio_v5/developer/sdks/gecko_sdk_suite/v3.2/hardware/kit/common/drivers/retargetio.o
                0x0000000000004300                _fstat
 .text._getpid  0x0000000000004320       0x10 build/tsb0//home/karl/SimplicityStudio_v5/developer/sdks/gecko_sdk_suite/v3.2/hardware/kit/common/drivers/retargetio.o
                0x0000000000004320                _getpid
 .text._isatty  0x0000000000004330       0x16 build/tsb0//home/karl/SimplicityStudio_v5/developer/sdks/gecko_sdk_suite/v3.2/hardware/kit/common/drivers/retargetio.o
                0x0000000000004330                _isatty
 .text._kill    0x0000000000004346       0x1a build/tsb0//home/karl/SimplicityStudio_v5/developer/sdks/gecko_sdk_suite/v3.2/hardware/kit/common/drivers/retargetio.o
                0x0000000000004346                _kill
 .text._lseek   0x0000000000004360       0x1a build/tsb0//home/karl/SimplicityStudio_v5/developer/sdks/gecko_sdk_suite/v3.2/hardware/kit/common/drivers/retargetio.o
                0x0000000000004360                _lseek
 .text._read    0x000000000000437a       0x56 build/tsb0//home/karl/SimplicityStudio_v5/developer/sdks/gecko_sdk_suite/v3.2/hardware/kit/common/drivers/retargetio.o
                0x000000000000437a                _read
 .text._write   0x00000000000043d0       0x38 build/tsb0//home/karl/SimplicityStudio_v5/developer/sdks/gecko_sdk_suite/v3.2/hardware/kit/common/drivers/retargetio.o
                0x00000000000043d0                _write
 .text.CORE_EnterCritical
                0x0000000000004408       0x22 build/tsb0//home/karl/SimplicityStudio_v5/developer/sdks/gecko_sdk_suite/v3.2/platform/emlib/src/em_core.o
                0x0000000000004408                CORE_EnterCritical
 .text.CORE_ExitCritical
                0x000000000000442a       0x1e build/tsb0//home/karl/SimplicityStudio_v5/developer/sdks/gecko_sdk_suite/v3.2/platform/emlib/src/em_core.o
                0x000000000000442a                CORE_ExitCritical
 .text.CORE_EnterAtomic
                0x0000000000004448       0x22 build/tsb0//home/karl/SimplicityStudio_v5/developer/sdks/gecko_sdk_suite/v3.2/platform/emlib/src/em_core.o
                0x0000000000004448                CORE_EnterAtomic
 .text.CORE_ExitAtomic
                0x000000000000446a       0x1e build/tsb0//home/karl/SimplicityStudio_v5/developer/sdks/gecko_sdk_suite/v3.2/platform/emlib/src/em_core.o
                0x000000000000446a                CORE_ExitAtomic
 .text.BUS_RegBitRead
                0x0000000000004488       0x2e build/tsb0//home/karl/SimplicityStudio_v5/developer/sdks/gecko_sdk_suite/v3.2/platform/emlib/src/em_emu.o
 *fill*         0x00000000000044b6        0x2 
 .text.EMU_LDOStatusGet
                0x00000000000044b8       0x24 build/tsb0//home/karl/SimplicityStudio_v5/developer/sdks/gecko_sdk_suite/v3.2/platform/emlib/src/em_emu.o
 .text.EMU_VScaleWait
                0x00000000000044dc       0x30 build/tsb0//home/karl/SimplicityStudio_v5/developer/sdks/gecko_sdk_suite/v3.2/platform/emlib/src/em_emu.o
 .text.EMU_VScaleGet
                0x000000000000450c       0x1c build/tsb0//home/karl/SimplicityStudio_v5/developer/sdks/gecko_sdk_suite/v3.2/platform/emlib/src/em_emu.o
 .text.vScaleEM01Cmd
                0x0000000000004528       0x22 build/tsb0//home/karl/SimplicityStudio_v5/developer/sdks/gecko_sdk_suite/v3.2/platform/emlib/src/em_emu.o
 *fill*         0x000000000000454a        0x2 
 .text.EMU_VScaleEM01ByClock
                0x000000000000454c       0x84 build/tsb0//home/karl/SimplicityStudio_v5/developer/sdks/gecko_sdk_suite/v3.2/platform/emlib/src/em_emu.o
                0x000000000000454c                EMU_VScaleEM01ByClock
 .text.EMU_VScaleEM01
                0x00000000000045d0       0x98 build/tsb0//home/karl/SimplicityStudio_v5/developer/sdks/gecko_sdk_suite/v3.2/platform/emlib/src/em_emu.o
                0x00000000000045d0                EMU_VScaleEM01
 .text.SL_Log2ToDiv
                0x0000000000004668       0x1c build/tsb0//home/karl/SimplicityStudio_v5/developer/sdks/gecko_sdk_suite/v3.2/platform/emlib/src/em_cmu.o
 .text.BUS_RegBitWrite
                0x0000000000004684       0x32 build/tsb0//home/karl/SimplicityStudio_v5/developer/sdks/gecko_sdk_suite/v3.2/platform/emlib/src/em_cmu.o
 .text.BUS_RegBitRead
                0x00000000000046b6       0x2e build/tsb0//home/karl/SimplicityStudio_v5/developer/sdks/gecko_sdk_suite/v3.2/platform/emlib/src/em_cmu.o
 .text.EMU_LDOStatusGet
                0x00000000000046e4       0x24 build/tsb0//home/karl/SimplicityStudio_v5/developer/sdks/gecko_sdk_suite/v3.2/platform/emlib/src/em_cmu.o
 .text.EMU_VScaleWait
                0x0000000000004708       0x30 build/tsb0//home/karl/SimplicityStudio_v5/developer/sdks/gecko_sdk_suite/v3.2/platform/emlib/src/em_cmu.o
 .text.EMU_VScaleGet
                0x0000000000004738       0x1c build/tsb0//home/karl/SimplicityStudio_v5/developer/sdks/gecko_sdk_suite/v3.2/platform/emlib/src/em_cmu.o
 .text.setHfLeConfig
                0x0000000000004754       0x64 build/tsb0//home/karl/SimplicityStudio_v5/developer/sdks/gecko_sdk_suite/v3.2/platform/emlib/src/em_cmu.o
 .text.auxClkGet
                0x00000000000047b8       0x20 build/tsb0//home/karl/SimplicityStudio_v5/developer/sdks/gecko_sdk_suite/v3.2/platform/emlib/src/em_cmu.o
 .text.hfSrcClkGet
                0x00000000000047d8       0x2c build/tsb0//home/karl/SimplicityStudio_v5/developer/sdks/gecko_sdk_suite/v3.2/platform/emlib/src/em_cmu.o
 .text.dbgClkGet
                0x0000000000004804       0x40 build/tsb0//home/karl/SimplicityStudio_v5/developer/sdks/gecko_sdk_suite/v3.2/platform/emlib/src/em_cmu.o
 .text.adcAsyncClkGet
                0x0000000000004844       0x80 build/tsb0//home/karl/SimplicityStudio_v5/developer/sdks/gecko_sdk_suite/v3.2/platform/emlib/src/em_cmu.o
 .text.flashWaitStateControl
                0x00000000000048c4       0x8c build/tsb0//home/karl/SimplicityStudio_v5/developer/sdks/gecko_sdk_suite/v3.2/platform/emlib/src/em_cmu.o
 .text.flashWaitStateMax
                0x0000000000004950       0x44 build/tsb0//home/karl/SimplicityStudio_v5/developer/sdks/gecko_sdk_suite/v3.2/platform/emlib/src/em_cmu.o
 .text.CMU_UpdateWaitStates
                0x0000000000004994       0x40 build/tsb0//home/karl/SimplicityStudio_v5/developer/sdks/gecko_sdk_suite/v3.2/platform/emlib/src/em_cmu.o
                0x0000000000004994                CMU_UpdateWaitStates
 .text.getRegIshUpperVal
                0x00000000000049d4       0x36 build/tsb0//home/karl/SimplicityStudio_v5/developer/sdks/gecko_sdk_suite/v3.2/platform/emlib/src/em_cmu.o
 *fill*         0x0000000000004a0a        0x2 
 .text.getHfxoTuningMode
                0x0000000000004a0c       0x1c build/tsb0//home/karl/SimplicityStudio_v5/developer/sdks/gecko_sdk_suite/v3.2/platform/emlib/src/em_cmu.o
 .text.setHfxoTuningMode
                0x0000000000004a28       0x2c build/tsb0//home/karl/SimplicityStudio_v5/developer/sdks/gecko_sdk_suite/v3.2/platform/emlib/src/em_cmu.o
 .text.lfClkGet
                0x0000000000004a54      0x110 build/tsb0//home/karl/SimplicityStudio_v5/developer/sdks/gecko_sdk_suite/v3.2/platform/emlib/src/em_cmu.o
 .text.syncReg  0x0000000000004b64       0x38 build/tsb0//home/karl/SimplicityStudio_v5/developer/sdks/gecko_sdk_suite/v3.2/platform/emlib/src/em_cmu.o
 .text.hfperClkSafePrescaler
                0x0000000000004b9c        0xe build/tsb0//home/karl/SimplicityStudio_v5/developer/sdks/gecko_sdk_suite/v3.2/platform/emlib/src/em_cmu.o
 .text.hfperClkOptimizedPrescaler
                0x0000000000004baa        0xe build/tsb0//home/karl/SimplicityStudio_v5/developer/sdks/gecko_sdk_suite/v3.2/platform/emlib/src/em_cmu.o
 .text.CMU_ClockDivGet
                0x0000000000004bb8       0x1a build/tsb0//home/karl/SimplicityStudio_v5/developer/sdks/gecko_sdk_suite/v3.2/platform/emlib/src/em_cmu.o
                0x0000000000004bb8                CMU_ClockDivGet
 *fill*         0x0000000000004bd2        0x2 
 .text.CMU_ClockEnable
                0x0000000000004bd4       0xcc build/tsb0//home/karl/SimplicityStudio_v5/developer/sdks/gecko_sdk_suite/v3.2/platform/emlib/src/em_cmu.o
                0x0000000000004bd4                CMU_ClockEnable
 .text.CMU_ClockFreqGet
                0x0000000000004ca0      0x284 build/tsb0//home/karl/SimplicityStudio_v5/developer/sdks/gecko_sdk_suite/v3.2/platform/emlib/src/em_cmu.o
                0x0000000000004ca0                CMU_ClockFreqGet
 .text.CMU_ClockPrescGet
                0x0000000000004f24      0x198 build/tsb0//home/karl/SimplicityStudio_v5/developer/sdks/gecko_sdk_suite/v3.2/platform/emlib/src/em_cmu.o
                0x0000000000004f24                CMU_ClockPrescGet
 .text.CMU_ClockSelectGet
                0x00000000000050bc      0x1d0 build/tsb0//home/karl/SimplicityStudio_v5/developer/sdks/gecko_sdk_suite/v3.2/platform/emlib/src/em_cmu.o
                0x00000000000050bc                CMU_ClockSelectGet
 .text.CMU_ClockSelectSet
                0x000000000000528c      0x2ec build/tsb0//home/karl/SimplicityStudio_v5/developer/sdks/gecko_sdk_suite/v3.2/platform/emlib/src/em_cmu.o
                0x000000000000528c                CMU_ClockSelectSet
 .text.CMU_HFRCOBandGet
                0x0000000000005578       0x18 build/tsb0//home/karl/SimplicityStudio_v5/developer/sdks/gecko_sdk_suite/v3.2/platform/emlib/src/em_cmu.o
                0x0000000000005578                CMU_HFRCOBandGet
 .text.CMU_HFXOInit
                0x0000000000005590       0xe4 build/tsb0//home/karl/SimplicityStudio_v5/developer/sdks/gecko_sdk_suite/v3.2/platform/emlib/src/em_cmu.o
                0x0000000000005590                CMU_HFXOInit
 .text.CMU_OscillatorEnable
                0x0000000000005674      0x1a0 build/tsb0//home/karl/SimplicityStudio_v5/developer/sdks/gecko_sdk_suite/v3.2/platform/emlib/src/em_cmu.o
                0x0000000000005674                CMU_OscillatorEnable
 .text.CMU_OscillatorTuningGet
                0x0000000000005814       0x74 build/tsb0//home/karl/SimplicityStudio_v5/developer/sdks/gecko_sdk_suite/v3.2/platform/emlib/src/em_cmu.o
                0x0000000000005814                CMU_OscillatorTuningGet
 .text.CMU_OscillatorTuningSet
                0x0000000000005888      0x100 build/tsb0//home/karl/SimplicityStudio_v5/developer/sdks/gecko_sdk_suite/v3.2/platform/emlib/src/em_cmu.o
                0x0000000000005888                CMU_OscillatorTuningSet
 .text.CMU_OscillatorTuningWait
                0x0000000000005988       0x98 build/tsb0//home/karl/SimplicityStudio_v5/developer/sdks/gecko_sdk_suite/v3.2/platform/emlib/src/em_cmu.o
                0x0000000000005988                CMU_OscillatorTuningWait
 .text.CMU_OscillatorTuningOptimize
                0x0000000000005a20       0x58 build/tsb0//home/karl/SimplicityStudio_v5/developer/sdks/gecko_sdk_suite/v3.2/platform/emlib/src/em_cmu.o
                0x0000000000005a20                CMU_OscillatorTuningOptimize
 .text.RMU_ResetCauseClear
                0x0000000000005a78       0x18 build/tsb0//home/karl/SimplicityStudio_v5/developer/sdks/gecko_sdk_suite/v3.2/platform/emlib/src/em_rmu.o
                0x0000000000005a78                RMU_ResetCauseClear
 .text.RMU_ResetCauseGet
                0x0000000000005a90       0xb8 build/tsb0//home/karl/SimplicityStudio_v5/developer/sdks/gecko_sdk_suite/v3.2/platform/emlib/src/em_rmu.o
                0x0000000000005a90                RMU_ResetCauseGet
 .text.BUS_RegMaskedSet
                0x0000000000005b48       0x24 build/tsb0//home/karl/SimplicityStudio_v5/developer/sdks/gecko_sdk_suite/v3.2/platform/emlib/src/em_gpio.o
 .text.BUS_RegMaskedClear
                0x0000000000005b6c       0x24 build/tsb0//home/karl/SimplicityStudio_v5/developer/sdks/gecko_sdk_suite/v3.2/platform/emlib/src/em_gpio.o
 .text.GPIO_PinOutClear
                0x0000000000005b90       0x78 build/tsb0//home/karl/SimplicityStudio_v5/developer/sdks/gecko_sdk_suite/v3.2/platform/emlib/src/em_gpio.o
 .text.GPIO_PinOutSet
                0x0000000000005c08       0x78 build/tsb0//home/karl/SimplicityStudio_v5/developer/sdks/gecko_sdk_suite/v3.2/platform/emlib/src/em_gpio.o
 .text.GPIO_PinModeSet
                0x0000000000005c80      0x130 build/tsb0//home/karl/SimplicityStudio_v5/developer/sdks/gecko_sdk_suite/v3.2/platform/emlib/src/em_gpio.o
                0x0000000000005c80                GPIO_PinModeSet
 .text.prsRxInput
                0x0000000000005db0       0x26 build/tsb0//home/karl/SimplicityStudio_v5/developer/sdks/gecko_sdk_suite/v3.2/platform/emlib/src/em_usart.o
 *fill*         0x0000000000005dd6        0x2 
 .text.USART_BaudrateAsyncSet
                0x0000000000005dd8       0xc0 build/tsb0//home/karl/SimplicityStudio_v5/developer/sdks/gecko_sdk_suite/v3.2/platform/emlib/src/em_usart.o
                0x0000000000005dd8                USART_BaudrateAsyncSet
 .text.USART_Enable
                0x0000000000005e98       0x64 build/tsb0//home/karl/SimplicityStudio_v5/developer/sdks/gecko_sdk_suite/v3.2/platform/emlib/src/em_usart.o
                0x0000000000005e98                USART_Enable
 .text.USART_InitAsync
                0x0000000000005efc       0xec build/tsb0//home/karl/SimplicityStudio_v5/developer/sdks/gecko_sdk_suite/v3.2/platform/emlib/src/em_usart.o
                0x0000000000005efc                USART_InitAsync
 .text.USART_Reset
                0x0000000000005fe8       0xd0 build/tsb0//home/karl/SimplicityStudio_v5/developer/sdks/gecko_sdk_suite/v3.2/platform/emlib/src/em_usart.o
                0x0000000000005fe8                USART_Reset
 .text.USART_Rx
                0x00000000000060b8       0x28 build/tsb0//home/karl/SimplicityStudio_v5/developer/sdks/gecko_sdk_suite/v3.2/platform/emlib/src/em_usart.o
                0x00000000000060b8                USART_Rx
 .text.USART_Tx
                0x00000000000060e0       0x2c build/tsb0//home/karl/SimplicityStudio_v5/developer/sdks/gecko_sdk_suite/v3.2/platform/emlib/src/em_usart.o
                0x00000000000060e0                USART_Tx
 .text.MSC_Init
                0x000000000000610c       0x34 build/tsb0//home/karl/SimplicityStudio_v5/developer/sdks/gecko_sdk_suite/v3.2/platform/emlib/src/em_msc.o
                0x000000000000610c                MSC_Init
 .text.TIMER_Valid
                0x0000000000006140       0x50 build/tsb0//home/karl/SimplicityStudio_v5/developer/sdks/gecko_sdk_suite/v3.2/platform/emlib/src/em_timer.o
 .text.TIMER_Init
                0x0000000000006190       0xe8 build/tsb0//home/karl/SimplicityStudio_v5/developer/sdks/gecko_sdk_suite/v3.2/platform/emlib/src/em_timer.o
                0x0000000000006190                TIMER_Init
 .text.BUS_RegBitWrite
                0x0000000000006278       0x32 build/tsb0//home/karl/SimplicityStudio_v5/developer/sdks/gecko_sdk_suite/v3.2/platform/emlib/src/em_adc.o
 .text.BUS_RegMaskedWrite
                0x00000000000062aa       0x36 build/tsb0//home/karl/SimplicityStudio_v5/developer/sdks/gecko_sdk_suite/v3.2/platform/emlib/src/em_adc.o
 .text.ADC_LoadDevinfoCal
                0x00000000000062e0      0x1d4 build/tsb0//home/karl/SimplicityStudio_v5/developer/sdks/gecko_sdk_suite/v3.2/platform/emlib/src/em_adc.o
 .text.ADC_Init
                0x00000000000064b4       0xd4 build/tsb0//home/karl/SimplicityStudio_v5/developer/sdks/gecko_sdk_suite/v3.2/platform/emlib/src/em_adc.o
                0x00000000000064b4                ADC_Init
 .text.ADC_ScanSingleEndedInputAdd
                0x0000000000006588       0x9e build/tsb0//home/karl/SimplicityStudio_v5/developer/sdks/gecko_sdk_suite/v3.2/platform/emlib/src/em_adc.o
                0x0000000000006588                ADC_ScanSingleEndedInputAdd
 .text.ADC_InitScan
                0x0000000000006626      0x11a build/tsb0//home/karl/SimplicityStudio_v5/developer/sdks/gecko_sdk_suite/v3.2/platform/emlib/src/em_adc.o
                0x0000000000006626                ADC_InitScan
 .text.ADC_PrescaleCalc
                0x0000000000006740       0x70 build/tsb0//home/karl/SimplicityStudio_v5/developer/sdks/gecko_sdk_suite/v3.2/platform/emlib/src/em_adc.o
                0x0000000000006740                ADC_PrescaleCalc
 .text.__NVIC_EnableIRQ
                0x00000000000067b0       0x3c build/tsb0//home/karl/SimplicityStudio_v5/developer/sdks/gecko_sdk_suite/v3.2/platform/emlib/src/em_ldma.o
 .text.__NVIC_ClearPendingIRQ
                0x00000000000067ec       0x3c build/tsb0//home/karl/SimplicityStudio_v5/developer/sdks/gecko_sdk_suite/v3.2/platform/emlib/src/em_ldma.o
 .text.__NVIC_SetPriority
                0x0000000000006828       0x54 build/tsb0//home/karl/SimplicityStudio_v5/developer/sdks/gecko_sdk_suite/v3.2/platform/emlib/src/em_ldma.o
 .text.BUS_RegMaskedClear
                0x000000000000687c       0x24 build/tsb0//home/karl/SimplicityStudio_v5/developer/sdks/gecko_sdk_suite/v3.2/platform/emlib/src/em_ldma.o
 .text.LDMA_Init
                0x00000000000068a0       0x7c build/tsb0//home/karl/SimplicityStudio_v5/developer/sdks/gecko_sdk_suite/v3.2/platform/emlib/src/em_ldma.o
                0x00000000000068a0                LDMA_Init
 .text.LDMA_StartTransfer
                0x000000000000691c      0x154 build/tsb0//home/karl/SimplicityStudio_v5/developer/sdks/gecko_sdk_suite/v3.2/platform/emlib/src/em_ldma.o
                0x000000000000691c                LDMA_StartTransfer
 .text.PRS_SourceSignalSet
                0x0000000000006a70       0x3c build/tsb0//home/karl/SimplicityStudio_v5/developer/sdks/gecko_sdk_suite/v3.2/platform/emlib/src/em_prs.o
                0x0000000000006a70                PRS_SourceSignalSet
 .text.logger_fwrite_init
                0x0000000000006aac       0x1c build/tsb0//home/karl/node-apps/zoo/thinnect.node-platform/silabs/logger_fwrite.o
                0x0000000000006aac                logger_fwrite_init
 .text.logger_fwrite
                0x0000000000006ac8       0x60 build/tsb0//home/karl/node-apps/zoo/thinnect.node-platform/silabs/logger_fwrite.o
                0x0000000000006ac8                logger_fwrite
 .text.log_init
                0x0000000000006b28       0x64 build/tsb0//home/karl/node-apps/zoo/thinnect.lll/logging/loggers_ext.o
                0x0000000000006b28                log_init
 .text.__logger
                0x0000000000006b8c      0x14c build/tsb0//home/karl/node-apps/zoo/thinnect.lll/logging/loggers_ext.o
                0x0000000000006b8c                __logger
 .text.log_severity_char
                0x0000000000006cd8       0xf6 build/tsb0//home/karl/node-apps/zoo/thinnect.lll/logging/loggers_ext.o
 *fill*         0x0000000000006dce        0x2 
 .text.Reset_Handler
                0x0000000000006dd0       0x78 build/tsb0//home/karl/SimplicityStudio_v5/developer/sdks/gecko_sdk_suite/v3.2/platform/Device/SiliconLabs/EFR32MG12P/Source/GCC/startup_efr32mg12p.o
                0x0000000000006dd0                Reset_Handler
 .text.Default_Handler
                0x0000000000006e48        0x6 build/tsb0//home/karl/SimplicityStudio_v5/developer/sdks/gecko_sdk_suite/v3.2/platform/Device/SiliconLabs/EFR32MG12P/Source/GCC/startup_efr32mg12p.o
                0x0000000000006e48                DebugMon_Handler
                0x0000000000006e48                USART0_TX_IRQHandler
                0x0000000000006e48                I2C0_IRQHandler
                0x0000000000006e48                HardFault_Handler
                0x0000000000006e48                USART1_RX_IRQHandler
                0x0000000000006e48                NMI_Handler
                0x0000000000006e48                SYNTH_IRQHandler
                0x0000000000006e48                I2C1_IRQHandler
                0x0000000000006e48                WTIMER0_IRQHandler
                0x0000000000006e48                CRYPTO0_IRQHandler
                0x0000000000006e48                WDOG0_IRQHandler
                0x0000000000006e48                USART1_TX_IRQHandler
                0x0000000000006e48                SMU_IRQHandler
                0x0000000000006e48                MSC_IRQHandler
                0x0000000000006e48                ADC0_IRQHandler
                0x0000000000006e48                UsageFault_Handler
                0x0000000000006e48                WDOG1_IRQHandler
                0x0000000000006e48                LEUART0_IRQHandler
                0x0000000000006e48                FPUEH_IRQHandler
                0x0000000000006e48                WTIMER1_IRQHandler
                0x0000000000006e48                GPIO_EVEN_IRQHandler
                0x0000000000006e48                VDAC0_IRQHandler
                0x0000000000006e48                CSEN_IRQHandler
                0x0000000000006e48                CRYPTO1_IRQHandler
                0x0000000000006e48                TIMER0_IRQHandler
                0x0000000000006e48                PCNT2_IRQHandler
                0x0000000000006e48                LETIMER0_IRQHandler
                0x0000000000006e48                TIMER1_IRQHandler
                0x0000000000006e48                TRNG0_IRQHandler
                0x0000000000006e48                RFSENSE_IRQHandler
                0x0000000000006e48                BUFC_IRQHandler
                0x0000000000006e48                MODEM_IRQHandler
                0x0000000000006e48                USART2_RX_IRQHandler
                0x0000000000006e48                Default_Handler
                0x0000000000006e48                RAC_SEQ_IRQHandler
                0x0000000000006e48                FRC_PRI_IRQHandler
                0x0000000000006e48                EMU_IRQHandler
                0x0000000000006e48                FRC_IRQHandler
                0x0000000000006e48                CRYOTIMER_IRQHandler
                0x0000000000006e48                PCNT0_IRQHandler
                0x0000000000006e48                AGC_IRQHandler
                0x0000000000006e48                sl_app_properties
                0x0000000000006e48                PCNT1_IRQHandler
                0x0000000000006e48                ACMP0_IRQHandler
                0x0000000000006e48                MemManage_Handler
                0x0000000000006e48                USART3_RX_IRQHandler
                0x0000000000006e48                RTCC_IRQHandler
                0x0000000000006e48                CMU_IRQHandler
                0x0000000000006e48                RAC_RSM_IRQHandler
                0x0000000000006e48                LESENSE_IRQHandler
                0x0000000000006e48                GPIO_ODD_IRQHandler
                0x0000000000006e48                USART3_TX_IRQHandler
                0x0000000000006e48                PROTIMER_IRQHandler
                0x0000000000006e48                BusFault_Handler
                0x0000000000006e48                USART2_TX_IRQHandler
                0x0000000000006e48                IDAC0_IRQHandler
 *fill*         0x0000000000006e4e        0x2 
 .text.SystemCoreClockGet
                0x0000000000006e50       0x40 build/tsb0//home/karl/SimplicityStudio_v5/developer/sdks/gecko_sdk_suite/v3.2/platform/Device/SiliconLabs/EFR32MG12P/Source/system_efr32mg12p.o
                0x0000000000006e50                SystemCoreClockGet
 .text.SystemMaxCoreClockGet
                0x0000000000006e90       0x14 build/tsb0//home/karl/SimplicityStudio_v5/developer/sdks/gecko_sdk_suite/v3.2/platform/Device/SiliconLabs/EFR32MG12P/Source/system_efr32mg12p.o
                0x0000000000006e90                SystemMaxCoreClockGet
 .text.SystemHFClockGet
                0x0000000000006ea4       0x88 build/tsb0//home/karl/SimplicityStudio_v5/developer/sdks/gecko_sdk_suite/v3.2/platform/Device/SiliconLabs/EFR32MG12P/Source/system_efr32mg12p.o
                0x0000000000006ea4                SystemHFClockGet
 .text.SystemHFXOClockGet
                0x0000000000006f2c       0x18 build/tsb0//home/karl/SimplicityStudio_v5/developer/sdks/gecko_sdk_suite/v3.2/platform/Device/SiliconLabs/EFR32MG12P/Source/system_efr32mg12p.o
                0x0000000000006f2c                SystemHFXOClockGet
 .text.SystemInit
                0x0000000000006f44       0x2c build/tsb0//home/karl/SimplicityStudio_v5/developer/sdks/gecko_sdk_suite/v3.2/platform/Device/SiliconLabs/EFR32MG12P/Source/system_efr32mg12p.o
                0x0000000000006f44                SystemInit
 .text.SystemLFRCOClockGet
                0x0000000000006f70       0x12 build/tsb0//home/karl/SimplicityStudio_v5/developer/sdks/gecko_sdk_suite/v3.2/platform/Device/SiliconLabs/EFR32MG12P/Source/system_efr32mg12p.o
                0x0000000000006f70                SystemLFRCOClockGet
 .text.SystemULFRCOClockGet
                0x0000000000006f82       0x12 build/tsb0//home/karl/SimplicityStudio_v5/developer/sdks/gecko_sdk_suite/v3.2/platform/Device/SiliconLabs/EFR32MG12P/Source/system_efr32mg12p.o
                0x0000000000006f82                SystemULFRCOClockGet
 .text.SystemLFXOClockGet
                0x0000000000006f94       0x18 build/tsb0//home/karl/SimplicityStudio_v5/developer/sdks/gecko_sdk_suite/v3.2/platform/Device/SiliconLabs/EFR32MG12P/Source/system_efr32mg12p.o
                0x0000000000006f94                SystemLFXOClockGet
 .text.SystemCoreClockUpdate
                0x0000000000006fac        0xc build/tsb0//home/karl/node-apps/zoo/thinnect.dev-platforms/make/boards/../../src/boards/tsb0/platform.o
 .text.SYSTEM_GetProdRev
                0x0000000000006fb8       0x1c build/tsb0//home/karl/node-apps/zoo/thinnect.dev-platforms/make/boards/../../src/boards/tsb0/platform.o
 .text.CHIP_Init
                0x0000000000006fd4       0x90 build/tsb0//home/karl/node-apps/zoo/thinnect.dev-platforms/make/boards/../../src/boards/tsb0/platform.o
 .text.PLATFORM_Init
                0x0000000000007064       0x9c build/tsb0//home/karl/node-apps/zoo/thinnect.dev-platforms/make/boards/../../src/boards/tsb0/platform.o
                0x0000000000007064                PLATFORM_Init
 .text.PLATFORM_LedsInit
                0x0000000000007100       0x38 build/tsb0//home/karl/node-apps/zoo/thinnect.node-platform/silabs/platform_io.o
                0x0000000000007100                PLATFORM_LedsInit
 .text          0x0000000000007138       0x30 /usr/lib/gcc/arm-none-eabi/9.2.1/thumb/v7e-m+fp/softfp/libgcc.a(_aeabi_uldivmod.o)
                0x0000000000007138                __aeabi_uldivmod
 .text          0x0000000000007168      0x2c4 /usr/lib/gcc/arm-none-eabi/9.2.1/thumb/v7e-m+fp/softfp/libgcc.a(_udivmoddi4.o)
                0x0000000000007168                __udivmoddi4
 .text          0x000000000000742c        0x4 /usr/lib/gcc/arm-none-eabi/9.2.1/thumb/v7e-m+fp/softfp/libgcc.a(_dvmd_tls.o)
                0x000000000000742c                __aeabi_ldiv0
                0x000000000000742c                __aeabi_idiv0
 .text          0x0000000000007430      0x1a4 /usr/lib/gcc/arm-none-eabi/9.2.1/../../../arm-none-eabi/lib/thumb/v7e-m+fp/softfp/libg.a(lib_a-fflush.o)
                0x0000000000007430                __sflush_r
                0x000000000000757c                _fflush_r
                0x00000000000075b0                fflush
 .text          0x00000000000075d4      0x1f4 /usr/lib/gcc/arm-none-eabi/9.2.1/../../../arm-none-eabi/lib/thumb/v7e-m+fp/softfp/libg.a(lib_a-findfp.o)
                0x00000000000075d8                _cleanup_r
                0x00000000000076bc                __sfmoreglue
                0x00000000000076ec                __sfp
                0x0000000000007774                _cleanup
                0x0000000000007788                __sinit
                0x0000000000007790                __sfp_lock_acquire
                0x0000000000007794                __sfp_lock_release
                0x0000000000007798                __sinit_lock_acquire
                0x000000000000779c                __sinit_lock_release
                0x00000000000077a0                __fp_lock_all
                0x00000000000077b4                __fp_unlock_all
 .text          0x00000000000077c8      0x294 /usr/lib/gcc/arm-none-eabi/9.2.1/../../../arm-none-eabi/lib/thumb/v7e-m+fp/softfp/libg.a(lib_a-freer.o)
                0x00000000000077c8                _malloc_trim_r
                0x0000000000007868                _free_r
 .text          0x0000000000007a5c       0xa0 /usr/lib/gcc/arm-none-eabi/9.2.1/../../../arm-none-eabi/lib/thumb/v7e-m+fp/softfp/libg.a(lib_a-fwalk.o)
                0x0000000000007a5c                _fwalk
                0x0000000000007aa8                _fwalk_reent
 .text          0x0000000000007afc       0x80 /usr/lib/gcc/arm-none-eabi/9.2.1/../../../arm-none-eabi/lib/thumb/v7e-m+fp/softfp/libg.a(lib_a-fwrite.o)
                0x0000000000007afc                _fwrite_r
                0x0000000000007b60                fwrite
 .text          0x0000000000007b7c      0x564 /usr/lib/gcc/arm-none-eabi/9.2.1/../../../arm-none-eabi/lib/thumb/v7e-m+fp/softfp/libg.a(lib_a-mallocr.o)
                0x0000000000007b7c                _malloc_r
 .text          0x00000000000080e0      0x134 /usr/lib/gcc/arm-none-eabi/9.2.1/../../../arm-none-eabi/lib/thumb/v7e-m+fp/softfp/libg.a(lib_a-memcpy.o)
                0x00000000000080e0                memcpy
 .text          0x0000000000008214       0xa0 /usr/lib/gcc/arm-none-eabi/9.2.1/../../../arm-none-eabi/lib/thumb/v7e-m+fp/softfp/libg.a(lib_a-memset.o)
                0x0000000000008214                memset
 .text          0x00000000000082b4        0x8 /usr/lib/gcc/arm-none-eabi/9.2.1/../../../arm-none-eabi/lib/thumb/v7e-m+fp/softfp/libg.a(lib_a-mlock.o)
                0x00000000000082b4                __malloc_lock
                0x00000000000082b8                __malloc_unlock
 .text          0x00000000000082bc       0x24 /usr/lib/gcc/arm-none-eabi/9.2.1/../../../arm-none-eabi/lib/thumb/v7e-m+fp/softfp/libg.a(lib_a-sbrkr.o)
                0x00000000000082bc                _sbrk_r
 .text          0x00000000000082e0      0x154 /usr/lib/gcc/arm-none-eabi/9.2.1/../../../arm-none-eabi/lib/thumb/v7e-m+fp/softfp/libg.a(lib_a-setvbuf.o)
                0x00000000000082e0                setvbuf
 .text          0x0000000000008434      0x110 /usr/lib/gcc/arm-none-eabi/9.2.1/../../../arm-none-eabi/lib/thumb/v7e-m+fp/softfp/libg.a(lib_a-snprintf.o)
                0x0000000000008434                _snprintf_r
                0x00000000000084b8                snprintf
 .text          0x0000000000008544       0x90 /usr/lib/gcc/arm-none-eabi/9.2.1/../../../arm-none-eabi/lib/thumb/v7e-m+fp/softfp/libg.a(lib_a-stdio.o)
                0x0000000000008544                __sread
                0x0000000000008568                __seofread
                0x000000000000856c                __swrite
                0x00000000000085ac                __sseek
                0x00000000000085cc                __sclose
 *fill*         0x00000000000085d4        0x4 
 .text          0x00000000000085d8     0x14a4 /usr/lib/gcc/arm-none-eabi/9.2.1/../../../arm-none-eabi/lib/thumb/v7e-m+fp/softfp/libg.a(lib_a-svfprintf.o)
                0x00000000000085d8                _svfprintf_r
 .text          0x0000000000009a7c       0x88 /usr/lib/gcc/arm-none-eabi/9.2.1/../../../arm-none-eabi/lib/thumb/v7e-m+fp/softfp/libg.a(lib_a-vsnprintf.o)
                0x0000000000009a7c                _vsnprintf_r
                0x0000000000009ae8                vsnprintf
 .text          0x0000000000009b04       0x2c /usr/lib/gcc/arm-none-eabi/9.2.1/../../../arm-none-eabi/lib/thumb/v7e-m+fp/softfp/libg.a(lib_a-writer.o)
                0x0000000000009b04                _write_r
 .text          0x0000000000009b30       0x24 /usr/lib/gcc/arm-none-eabi/9.2.1/../../../arm-none-eabi/lib/thumb/v7e-m+fp/softfp/libg.a(lib_a-closer.o)
                0x0000000000009b30                _close_r
 *fill*         0x0000000000009b54        0x4 
 .text          0x0000000000009b58      0xfdc /usr/lib/gcc/arm-none-eabi/9.2.1/../../../arm-none-eabi/lib/thumb/v7e-m+fp/softfp/libg.a(lib_a-dtoa.o)
                0x0000000000009c7c                _dtoa_r
 .text          0x000000000000ab34       0x98 /usr/lib/gcc/arm-none-eabi/9.2.1/../../../arm-none-eabi/lib/thumb/v7e-m+fp/softfp/libg.a(lib_a-fclose.o)
                0x000000000000ab34                _fclose_r
                0x000000000000abbc                fclose
 .text          0x000000000000abcc      0x308 /usr/lib/gcc/arm-none-eabi/9.2.1/../../../arm-none-eabi/lib/thumb/v7e-m+fp/softfp/libg.a(lib_a-fvwrite.o)
                0x000000000000abcc                __sfvwrite_r
 .text          0x000000000000aed4       0x14 /usr/lib/gcc/arm-none-eabi/9.2.1/../../../arm-none-eabi/lib/thumb/v7e-m+fp/softfp/libg.a(lib_a-localeconv.o)
                0x000000000000aed4                __localeconv_l
                0x000000000000aed8                _localeconv_r
                0x000000000000aee0                localeconv
 .text          0x000000000000aee8       0x2c /usr/lib/gcc/arm-none-eabi/9.2.1/../../../arm-none-eabi/lib/thumb/v7e-m+fp/softfp/libg.a(lib_a-lseekr.o)
                0x000000000000aee8                _lseek_r
 .text          0x000000000000af14       0xf0 /usr/lib/gcc/arm-none-eabi/9.2.1/../../../arm-none-eabi/lib/thumb/v7e-m+fp/softfp/libg.a(lib_a-makebuf.o)
                0x000000000000af14                __swhatbuf_r
                0x000000000000af70                __smakebuf_r
 .text          0x000000000000b004       0x20 /usr/lib/gcc/arm-none-eabi/9.2.1/../../../arm-none-eabi/lib/thumb/v7e-m+fp/softfp/libg.a(lib_a-malloc.o)
                0x000000000000b004                malloc
                0x000000000000b014                free
 *fill*         0x000000000000b024        0xc 
 .text          0x000000000000b030       0xa0 /usr/lib/gcc/arm-none-eabi/9.2.1/../../../arm-none-eabi/lib/thumb/v7e-m+fp/softfp/libg.a(lib_a-memchr.o)
                0x000000000000b030                memchr
 .text          0x000000000000b0d0       0xd0 /usr/lib/gcc/arm-none-eabi/9.2.1/../../../arm-none-eabi/lib/thumb/v7e-m+fp/softfp/libg.a(lib_a-memmove.o)
                0x000000000000b0d0                memmove
 .text          0x000000000000b1a0      0x978 /usr/lib/gcc/arm-none-eabi/9.2.1/../../../arm-none-eabi/lib/thumb/v7e-m+fp/softfp/libg.a(lib_a-mprec.o)
                0x000000000000b1a0                _Balloc
                0x000000000000b1ec                _Bfree
                0x000000000000b200                __multadd
                0x000000000000b2a4                __s2b
                0x000000000000b350                __hi0bits
                0x000000000000b390                __lo0bits
                0x000000000000b3f0                __i2b
                0x000000000000b41c                __multiply
                0x000000000000b568                __pow5mult
                0x000000000000b600                __lshift
                0x000000000000b6cc                __mcmp
                0x000000000000b704                __mdiff
                0x000000000000b82c                __ulp
                0x000000000000b86c                __b2d
                0x000000000000b924                __d2b
                0x000000000000b9e4                __ratio
                0x000000000000ba40                _mprec_log10
                0x000000000000ba78                __copybits
                0x000000000000bac0                __any_on
 .text          0x000000000000bb18       0x2c /usr/lib/gcc/arm-none-eabi/9.2.1/../../../arm-none-eabi/lib/thumb/v7e-m+fp/softfp/libg.a(lib_a-readr.o)
                0x000000000000bb18                _read_r
 .text          0x000000000000bb44      0x36c /usr/lib/gcc/arm-none-eabi/9.2.1/../../../arm-none-eabi/lib/thumb/v7e-m+fp/softfp/libg.a(lib_a-reallocr.o)
                0x000000000000bb44                _realloc_r
 *fill*         0x000000000000beb0       0x10 
 .text          0x000000000000bec0       0xdc /usr/lib/gcc/arm-none-eabi/9.2.1/../../../arm-none-eabi/lib/thumb/v7e-m+fp/softfp/libg.a(lib_a-strlen.o)
                0x000000000000bec0                strlen
 .text          0x000000000000bf9c      0xb64 /usr/lib/gcc/arm-none-eabi/9.2.1/../../../arm-none-eabi/lib/thumb/v7e-m+fp/softfp/libg.a(lib_a-svfiprintf.o)
                0x000000000000bf9c                __ssprint_r
                0x000000000000c094                _svfiprintf_r
 .text          0x000000000000cb00       0xd0 /usr/lib/gcc/arm-none-eabi/9.2.1/../../../arm-none-eabi/lib/thumb/v7e-m+fp/softfp/libg.a(lib_a-wsetup.o)
                0x000000000000cb00                __swsetup_r
 .text          0x000000000000cbd0       0x48 /usr/lib/gcc/arm-none-eabi/9.2.1/../../../arm-none-eabi/lib/thumb/v7e-m+fp/softfp/libg.a(lib_a-assert.o)
                0x000000000000cbd0                __assert_func
                0x000000000000cc0c                __assert
 .text          0x000000000000cc18       0x60 /usr/lib/gcc/arm-none-eabi/9.2.1/../../../arm-none-eabi/lib/thumb/v7e-m+fp/softfp/libg.a(lib_a-callocr.o)
                0x000000000000cc18                _calloc_r
 .text          0x000000000000cc78       0x44 /usr/lib/gcc/arm-none-eabi/9.2.1/../../../arm-none-eabi/lib/thumb/v7e-m+fp/softfp/libg.a(lib_a-fiprintf.o)
                0x000000000000cc78                _fiprintf_r
                0x000000000000cc94                fiprintf
 .text          0x000000000000ccbc       0x28 /usr/lib/gcc/arm-none-eabi/9.2.1/../../../arm-none-eabi/lib/thumb/v7e-m+fp/softfp/libg.a(lib_a-fstatr.o)
                0x000000000000ccbc                _fstat_r
 .text          0x000000000000cce4       0x24 /usr/lib/gcc/arm-none-eabi/9.2.1/../../../arm-none-eabi/lib/thumb/v7e-m+fp/softfp/libg.a(lib_a-isattyr.o)
                0x000000000000cce4                _isatty_r
 .text          0x000000000000cd08       0x5c /usr/lib/gcc/arm-none-eabi/9.2.1/../../../arm-none-eabi/lib/thumb/v7e-m+fp/softfp/libg.a(lib_a-locale.o)
                0x000000000000cd08                _setlocale_r
                0x000000000000cd48                __locale_mb_cur_max
                0x000000000000cd54                setlocale
 .text          0x000000000000cd64       0x40 /usr/lib/gcc/arm-none-eabi/9.2.1/../../../arm-none-eabi/lib/thumb/v7e-m+fp/softfp/libg.a(lib_a-mbtowc_r.o)
                0x000000000000cd64                _mbtowc_r
                0x000000000000cd78                __ascii_mbtowc
 *fill*         0x000000000000cda4       0x1c 
 .text          0x000000000000cdc0      0x2dc /usr/lib/gcc/arm-none-eabi/9.2.1/../../../arm-none-eabi/lib/thumb/v7e-m+fp/softfp/libg.a(lib_a-strcmp.o)
                0x000000000000cdc8                strcmp
 .text          0x000000000000d09c      0xd00 /usr/lib/gcc/arm-none-eabi/9.2.1/../../../arm-none-eabi/lib/thumb/v7e-m+fp/softfp/libg.a(lib_a-vfiprintf.o)
                0x000000000000d114                __sprint_r
                0x000000000000d128                _vfiprintf_r
                0x000000000000dd18                vfiprintf
 .text          0x000000000000dd9c       0x30 /usr/lib/gcc/arm-none-eabi/9.2.1/../../../arm-none-eabi/lib/thumb/v7e-m+fp/softfp/libg.a(lib_a-wctomb_r.o)
                0x000000000000dd9c                _wctomb_r
                0x000000000000ddb0                __ascii_wctomb
 .text          0x000000000000ddcc       0x10 /usr/lib/gcc/arm-none-eabi/9.2.1/../../../arm-none-eabi/lib/thumb/v7e-m+fp/softfp/libg.a(lib_a-abort.o)
                0x000000000000ddcc                abort
 .text          0x000000000000dddc      0x110 /usr/lib/gcc/arm-none-eabi/9.2.1/../../../arm-none-eabi/lib/thumb/v7e-m+fp/softfp/libg.a(lib_a-fputwc.o)
                0x000000000000dddc                __fputwc
                0x000000000000de84                _fputwc_r
                0x000000000000deac                fputwc
 .text          0x000000000000deec      0x15c /usr/lib/gcc/arm-none-eabi/9.2.1/../../../arm-none-eabi/lib/thumb/v7e-m+fp/softfp/libg.a(lib_a-signal.o)
                0x000000000000df14                _init_signal_r
                0x000000000000df20                _signal_r
                0x000000000000df58                _raise_r
                0x000000000000dfb0                __sigtramp_r
                0x000000000000e004                raise
                0x000000000000e014                signal
                0x000000000000e024                _init_signal
                0x000000000000e038                __sigtramp
 .text          0x000000000000e048       0x2c /usr/lib/gcc/arm-none-eabi/9.2.1/../../../arm-none-eabi/lib/thumb/v7e-m+fp/softfp/libg.a(lib_a-signalr.o)
                0x000000000000e048                _kill_r
                0x000000000000e070                _getpid_r
 .text          0x000000000000e074       0xc0 /usr/lib/gcc/arm-none-eabi/9.2.1/../../../arm-none-eabi/lib/thumb/v7e-m+fp/softfp/libg.a(lib_a-wbuf.o)
                0x000000000000e074                __swbuf_r
                0x000000000000e124                __swbuf
 .text          0x000000000000e134       0x7c /usr/lib/gcc/arm-none-eabi/9.2.1/../../../arm-none-eabi/lib/thumb/v7e-m+fp/softfp/libg.a(lib_a-wcrtomb.o)
                0x000000000000e134                _wcrtomb_r
                0x000000000000e168                wcrtomb
 .text          0x000000000000e1b0      0x378 /usr/lib/gcc/arm-none-eabi/9.2.1/thumb/v7e-m+fp/softfp/libgcc.a(_arm_addsubdf3.o)
                0x000000000000e1b0                __aeabi_drsub
                0x000000000000e1b8                __aeabi_dsub
                0x000000000000e1b8                __subdf3
                0x000000000000e1bc                __adddf3
                0x000000000000e1bc                __aeabi_dadd
                0x000000000000e434                __aeabi_ui2d
                0x000000000000e434                __floatunsidf
                0x000000000000e454                __floatsidf
                0x000000000000e454                __aeabi_i2d
                0x000000000000e478                __extendsfdf2
                0x000000000000e478                __aeabi_f2d
                0x000000000000e4bc                __aeabi_ul2d
                0x000000000000e4bc                __floatundidf
                0x000000000000e4cc                __floatdidf
                0x000000000000e4cc                __aeabi_l2d
 .text          0x000000000000e528      0x424 /usr/lib/gcc/arm-none-eabi/9.2.1/thumb/v7e-m+fp/softfp/libgcc.a(_arm_muldivdf3.o)
                0x000000000000e528                __aeabi_dmul
                0x000000000000e528                __muldf3
                0x000000000000e77c                __aeabi_ddiv
                0x000000000000e77c                __divdf3
 .text          0x000000000000e94c      0x110 /usr/lib/gcc/arm-none-eabi/9.2.1/thumb/v7e-m+fp/softfp/libgcc.a(_arm_cmpdf2.o)
                0x000000000000e94c                __gtdf2
                0x000000000000e94c                __gedf2
                0x000000000000e954                __ltdf2
                0x000000000000e954                __ledf2
                0x000000000000e95c                __cmpdf2
                0x000000000000e95c                __eqdf2
                0x000000000000e95c                __nedf2
                0x000000000000e9d8                __aeabi_cdrcmple
                0x000000000000e9e8                __aeabi_cdcmple
                0x000000000000e9e8                __aeabi_cdcmpeq
                0x000000000000e9f8                __aeabi_dcmpeq
                0x000000000000ea0c                __aeabi_dcmplt
                0x000000000000ea20                __aeabi_dcmple
                0x000000000000ea34                __aeabi_dcmpge
                0x000000000000ea48                __aeabi_dcmpgt
 .text          0x000000000000ea5c       0x2c /usr/lib/gcc/arm-none-eabi/9.2.1/thumb/v7e-m+fp/softfp/libgcc.a(_arm_unorddf2.o)
                0x000000000000ea5c                __aeabi_dcmpun
                0x000000000000ea5c                __unorddf2
 .text          0x000000000000ea88       0x50 /usr/lib/gcc/arm-none-eabi/9.2.1/thumb/v7e-m+fp/softfp/libgcc.a(_arm_fixdfsi.o)
                0x000000000000ea88                __fixdfsi
                0x000000000000ea88                __aeabi_d2iz
 .text          0x000000000000ead8       0x1c /usr/lib/gcc/arm-none-eabi/9.2.1/../../../arm-none-eabi/lib/thumb/v7e-m+fp/softfp/libnosys.a(sbrk.o)
                0x000000000000ead8                _sbrk
 *(.init)
 *(.fini)
 *crtbegin.o(.ctors)
 *crtbegin?.o(.ctors)
 *(EXCLUDE_FILE(*crtend.o *crtend?.o) .ctors)
 *(SORT_BY_NAME(.ctors.*))
 *(.ctors)
 *crtbegin.o(.dtors)
 *crtbegin?.o(.dtors)
 *(EXCLUDE_FILE(*crtend.o *crtend?.o) .dtors)
 *(SORT_BY_NAME(.dtors.*))
 *(.dtors)
 *(.rodata*)
 .rodata        0x000000000000eaf4       0x9d build/tsb0/adc_ldma_read_main.o
                0x000000000000eaf4                gHeaderData
                0x000000000000eb80                gHeaderEnd
                0x000000000000eb84                gHeaderSize
 *fill*         0x000000000000eb91        0x3 
 .rodata.moduulROM.10595
                0x000000000000eb94        0x5 build/tsb0/adc_ldma_read_main.o
 *fill*         0x000000000000eb99        0x3 
 .rodata.strROM.10596
                0x000000000000eb9c        0xc build/tsb0/adc_ldma_read_main.o
 .rodata.moduulROM.10597
                0x000000000000eba8        0x5 build/tsb0/adc_ldma_read_main.o
 *fill*         0x000000000000ebad        0x3 
 .rodata.strROM.10598
                0x000000000000ebb0        0xc build/tsb0/adc_ldma_read_main.o
 .rodata.moduulROM.10599
                0x000000000000ebbc        0x5 build/tsb0/adc_ldma_read_main.o
 *fill*         0x000000000000ebc1        0x3 
 .rodata.strROM.10600
                0x000000000000ebc4       0x12 build/tsb0/adc_ldma_read_main.o
 *fill*         0x000000000000ebd6        0x2 
 .rodata.moduulROM.10621
                0x000000000000ebd8        0x5 build/tsb0/adc_ldma_read_main.o
 *fill*         0x000000000000ebdd        0x3 
 .rodata.strROM.10622
                0x000000000000ebe0       0x23 build/tsb0/adc_ldma_read_main.o
 *fill*         0x000000000000ec03        0x1 
 .rodata.moduulROM.10624
                0x000000000000ec04        0x5 build/tsb0/adc_ldma_read_main.o
 *fill*         0x000000000000ec09        0x3 
 .rodata.strROM.10625
                0x000000000000ec0c        0xf build/tsb0/adc_ldma_read_main.o
 *fill*         0x000000000000ec1b        0x1 
 .rodata        0x000000000000ec1c        0x5 build/tsb0//home/karl/node-apps/zoo/FreeRTOS-Kernel/tasks.o
 *fill*         0x000000000000ec21        0x3 
 .rodata        0x000000000000ec24        0x8 build/tsb0//home/karl/node-apps/zoo/FreeRTOS-Kernel/timers.o
 .rodata        0x000000000000ec2c       0x1c build/tsb0//home/karl/SimplicityStudio_v5/developer/sdks/gecko_sdk_suite/v3.2/hardware/kit/common/drivers/retargetserial.o
 .rodata.flashWsTable
                0x000000000000ec48       0x28 build/tsb0//home/karl/SimplicityStudio_v5/developer/sdks/gecko_sdk_suite/v3.2/platform/emlib/src/em_cmu.o
 .rodata.resetCauseMasks
                0x000000000000ec70       0x48 build/tsb0//home/karl/SimplicityStudio_v5/developer/sdks/gecko_sdk_suite/v3.2/platform/emlib/src/em_rmu.o
 .rodata        0x000000000000ecb8       0x3d build/tsb0//home/karl/node-apps/zoo/thinnect.lll/logging/loggers_ext.o
 *fill*         0x000000000000ecf5        0x3 
 .rodata        0x000000000000ecf8       0x12 build/tsb0//home/karl/node-apps/zoo/thinnect.dev-platforms/make/boards/../../src/boards/tsb0/platform.o
 *fill*         0x000000000000ed0a        0x2 
 .rodata        0x000000000000ed0c        0x4 /usr/lib/gcc/arm-none-eabi/9.2.1/../../../arm-none-eabi/lib/thumb/v7e-m+fp/softfp/libg.a(lib_a-impure.o)
                0x000000000000ed0c                _global_impure_ptr
 .rodata        0x000000000000ed10       0x20 /usr/lib/gcc/arm-none-eabi/9.2.1/../../../arm-none-eabi/lib/thumb/v7e-m+fp/softfp/libg.a(lib_a-svfprintf.o)
 .rodata.str1.4
                0x000000000000ed30       0x42 /usr/lib/gcc/arm-none-eabi/9.2.1/../../../arm-none-eabi/lib/thumb/v7e-m+fp/softfp/libg.a(lib_a-svfprintf.o)
 *fill*         0x000000000000ed72        0x2 
 .rodata.str1.4
                0x000000000000ed74       0x56 /usr/lib/gcc/arm-none-eabi/9.2.1/../../../arm-none-eabi/lib/thumb/v7e-m+fp/softfp/libg.a(lib_a-dtoa.o)
                                         0x5a (size before relaxing)
 *fill*         0x000000000000edca        0x6 
 .rodata        0x000000000000edd0      0x128 /usr/lib/gcc/arm-none-eabi/9.2.1/../../../arm-none-eabi/lib/thumb/v7e-m+fp/softfp/libg.a(lib_a-mprec.o)
                0x000000000000ede0                __mprec_tens
                0x000000000000eea8                __mprec_tinytens
                0x000000000000eed0                __mprec_bigtens
 .rodata.str1.4
                0x000000000000eef8       0x33 /usr/lib/gcc/arm-none-eabi/9.2.1/../../../arm-none-eabi/lib/thumb/v7e-m+fp/softfp/libg.a(lib_a-mprec.o)
                                         0x47 (size before relaxing)
 *fill*         0x000000000000ef2b        0x1 
 .rodata        0x000000000000ef2c       0x20 /usr/lib/gcc/arm-none-eabi/9.2.1/../../../arm-none-eabi/lib/thumb/v7e-m+fp/softfp/libg.a(lib_a-svfiprintf.o)
 .rodata.str1.4
                0x000000000000ef4c       0x2f /usr/lib/gcc/arm-none-eabi/9.2.1/../../../arm-none-eabi/lib/thumb/v7e-m+fp/softfp/libg.a(lib_a-svfiprintf.o)
 .rodata.str1.4
                0x000000000000ef4c       0x3f /usr/lib/gcc/arm-none-eabi/9.2.1/../../../arm-none-eabi/lib/thumb/v7e-m+fp/softfp/libg.a(lib_a-assert.o)
                                         0x43 (size before relaxing)
 *fill*         0x000000000000ef8b        0x1 
 .rodata.str1.4
                0x000000000000ef8c        0xe /usr/lib/gcc/arm-none-eabi/9.2.1/../../../arm-none-eabi/lib/thumb/v7e-m+fp/softfp/libg.a(lib_a-locale.o)
                                         0x12 (size before relaxing)
 *fill*         0x000000000000ef9a        0x2 
 .rodata        0x000000000000ef9c       0x20 /usr/lib/gcc/arm-none-eabi/9.2.1/../../../arm-none-eabi/lib/thumb/v7e-m+fp/softfp/libg.a(lib_a-vfiprintf.o)
 .rodata.str1.4
                0x000000000000efbc       0x2f /usr/lib/gcc/arm-none-eabi/9.2.1/../../../arm-none-eabi/lib/thumb/v7e-m+fp/softfp/libg.a(lib_a-vfiprintf.o)
 .rodata        0x000000000000efbc      0x101 /usr/lib/gcc/arm-none-eabi/9.2.1/../../../arm-none-eabi/lib/thumb/v7e-m+fp/softfp/libg.a(lib_a-ctype_.o)
                0x000000000000efbc                _ctype_
 *(.eh_frame*)

.glue_7         0x000000000000f0c0        0x0
 .glue_7        0x000000000000f0c0        0x0 linker stubs

.glue_7t        0x000000000000f0c0        0x0
 .glue_7t       0x000000000000f0c0        0x0 linker stubs

.vfp11_veneer   0x000000000000f0c0        0x0
 .vfp11_veneer  0x000000000000f0c0        0x0 linker stubs

.v4_bx          0x000000000000f0c0        0x0
 .v4_bx         0x000000000000f0c0        0x0 linker stubs

.iplt           0x000000000000f0c0        0x0
 .iplt          0x000000000000f0c0        0x0 build/tsb0/adc_ldma_read_main.o

.ARM.extab
 *(.ARM.extab* .gnu.linkonce.armextab.*)
                0x000000000000f0bd                __exidx_start = .

.ARM.exidx      0x000000000000f0c0        0x8
 *(.ARM.exidx* .gnu.linkonce.armexidx.*)
 .ARM.exidx     0x000000000000f0c0        0x8 /usr/lib/gcc/arm-none-eabi/9.2.1/thumb/v7e-m+fp/softfp/libgcc.a(_udivmoddi4.o)
                0x000000000000f0c8                __exidx_end = .
                0x000000000000f0c8                __etext = .

.rel.dyn        0x000000000000f0c8        0x0
 .rel.iplt      0x000000000000f0c8        0x0 build/tsb0/adc_ldma_read_main.o

.data           0x0000000020000000      0xa1c load address 0x000000000000f0c8
                0x0000000020000000                __data_start__ = .
 *(vtable)
 *(.data*)
 .data.init.9154
                0x0000000020000000        0x6 build/tsb0/adc_config.o
 *fill*         0x0000000020000006        0x2 
 .data.scan_init.9155
                0x0000000020000008       0x18 build/tsb0/adc_config.o
 .data.timer_init.9156
                0x0000000020000020        0xd build/tsb0/adc_config.o
 *fill*         0x000000002000002d        0x3 
 .data.init.8187
                0x0000000020000030        0x4 build/tsb0/ldma_config.o
 .data.adc_scan_tx.8191
                0x0000000020000034       0x10 build/tsb0/ldma_config.o
 .data.uxCriticalNesting
                0x0000000020000044        0x4 build/tsb0//home/karl/node-apps/zoo/FreeRTOS-Kernel/portable/GCC/ARM_CM4F/port.o
 .data.xHeapRegions
                0x0000000020000048       0x10 build/tsb0//home/karl/node-apps/zoo/thinnect.cmsis-freertos/CMSIS-FreeRTOS/CMSIS/RTOS2/FreeRTOS/Source/cmsis_os2.o
 .data.auxHfrcoFreq
                0x0000000020000058        0x4 build/tsb0//home/karl/SimplicityStudio_v5/developer/sdks/gecko_sdk_suite/v3.2/platform/emlib/src/em_cmu.o
 .data.SystemHFXOClock
                0x000000002000005c        0x4 build/tsb0//home/karl/SimplicityStudio_v5/developer/sdks/gecko_sdk_suite/v3.2/platform/Device/SiliconLabs/EFR32MG12P/Source/system_efr32mg12p.o
 .data.SystemLFXOClock
                0x0000000020000060        0x4 build/tsb0//home/karl/SimplicityStudio_v5/developer/sdks/gecko_sdk_suite/v3.2/platform/Device/SiliconLabs/EFR32MG12P/Source/system_efr32mg12p.o
 .data.SystemCoreClock
                0x0000000020000064        0x4 build/tsb0//home/karl/SimplicityStudio_v5/developer/sdks/gecko_sdk_suite/v3.2/platform/Device/SiliconLabs/EFR32MG12P/Source/system_efr32mg12p.o
                0x0000000020000064                SystemCoreClock
 .data.SystemHfrcoFreq
                0x0000000020000068        0x4 build/tsb0//home/karl/SimplicityStudio_v5/developer/sdks/gecko_sdk_suite/v3.2/platform/Device/SiliconLabs/EFR32MG12P/Source/system_efr32mg12p.o
                0x0000000020000068                SystemHfrcoFreq
 *fill*         0x000000002000006c        0x4 
 .data          0x0000000020000070      0x430 /usr/lib/gcc/arm-none-eabi/9.2.1/../../../arm-none-eabi/lib/thumb/v7e-m+fp/softfp/libg.a(lib_a-impure.o)
                0x0000000020000070                _impure_ptr
 .data          0x00000000200004a0      0x410 /usr/lib/gcc/arm-none-eabi/9.2.1/../../../arm-none-eabi/lib/thumb/v7e-m+fp/softfp/libg.a(lib_a-mallocr.o)
                0x00000000200004a0                __malloc_av_
                0x00000000200008a8                __malloc_sbrk_base
                0x00000000200008ac                __malloc_trim_threshold
 .data          0x00000000200008b0      0x16c /usr/lib/gcc/arm-none-eabi/9.2.1/../../../arm-none-eabi/lib/thumb/v7e-m+fp/softfp/libg.a(lib_a-locale.o)
                0x00000000200008b0                __global_locale
                0x0000000020000a1c                . = ALIGN (0x4)
                [!provide]                        PROVIDE (__ram_func_section_start = .)
 *(.ram)
                [!provide]                        PROVIDE (__ram_func_section_end = .)
                0x0000000020000a1c                . = ALIGN (0x4)
                [!provide]                        PROVIDE (__preinit_array_start = .)
 *(.preinit_array)
                [!provide]                        PROVIDE (__preinit_array_end = .)
                0x0000000020000a1c                . = ALIGN (0x4)
                [!provide]                        PROVIDE (__init_array_start = .)
 *(SORT_BY_NAME(.init_array.*))
 *(.init_array)
                [!provide]                        PROVIDE (__init_array_end = .)
                0x0000000020000a1c                . = ALIGN (0x4)
                [!provide]                        PROVIDE (__fini_array_start = .)
 *(SORT_BY_NAME(.fini_array.*))
 *(.fini_array)
                [!provide]                        PROVIDE (__fini_array_end = .)
 *(.jcr*)
                0x0000000020000a1c                . = ALIGN (0x4)
                0x0000000020000a1c                __data_end__ = .

.igot.plt       0x0000000020000a1c        0x0 load address 0x000000000000fae4
 .igot.plt      0x0000000020000a1c        0x0 build/tsb0/adc_ldma_read_main.o

.bss            0x0000000020000a1c    0x10c54 load address 0x000000000000fae4
                0x0000000020000a1c                . = ALIGN (0x4)
                0x0000000020000a1c                __bss_start__ = .
 *(.bss*)
 .bss.adc_samples_buf
                0x0000000020000a1c     0x5000 build/tsb0/adc_ldma_read_main.o
 .bss.adc_thread_id
                0x0000000020005a1c        0x4 build/tsb0/adc_ldma_read_main.o
 .bss.signal_energy.10594
                0x0000000020005a20        0x4 build/tsb0/adc_ldma_read_main.o
 .bss.vol.10608
                0x0000000020005a24        0x4 build/tsb0/adc_ldma_read_main.o
 .bss.vol_energy.10607
                0x0000000020005a28        0x4 build/tsb0/adc_ldma_read_main.o
 .bss.adc_bias.10606
                0x0000000020005a2c        0x4 build/tsb0/adc_ldma_read_main.o
 .bss.i.10605   0x0000000020005a30        0x4 build/tsb0/adc_ldma_read_main.o
 .bss.energy.10604
                0x0000000020005a34        0x4 build/tsb0/adc_ldma_read_main.o
 .bss.desc_linked_list
                0x0000000020005a38       0x50 build/tsb0/adc_config.o
 .bss.adc_thread_id
                0x0000000020005a88        0x4 build/tsb0/adc_config.o
 .bss.adc_samples_buf
                0x0000000020005a8c        0x4 build/tsb0/adc_config.o
 .bss.i.9148    0x0000000020005a90        0x2 build/tsb0/adc_config.o
 .bss.ucMaxSysCallPriority
                0x0000000020005a92        0x1 build/tsb0//home/karl/node-apps/zoo/FreeRTOS-Kernel/portable/GCC/ARM_CM4F/port.o
 *fill*         0x0000000020005a93        0x1 
 .bss.ulMaxPRIGROUPValue
                0x0000000020005a94        0x4 build/tsb0//home/karl/node-apps/zoo/FreeRTOS-Kernel/portable/GCC/ARM_CM4F/port.o
 .bss.xStart    0x0000000020005a98        0x8 build/tsb0//home/karl/node-apps/zoo/FreeRTOS-Kernel/portable/MemMang/heap_5.o
 .bss.pxEnd     0x0000000020005aa0        0x4 build/tsb0//home/karl/node-apps/zoo/FreeRTOS-Kernel/portable/MemMang/heap_5.o
 .bss.xFreeBytesRemaining
                0x0000000020005aa4        0x4 build/tsb0//home/karl/node-apps/zoo/FreeRTOS-Kernel/portable/MemMang/heap_5.o
 .bss.xMinimumEverFreeBytesRemaining
                0x0000000020005aa8        0x4 build/tsb0//home/karl/node-apps/zoo/FreeRTOS-Kernel/portable/MemMang/heap_5.o
 .bss.xNumberOfSuccessfulAllocations
                0x0000000020005aac        0x4 build/tsb0//home/karl/node-apps/zoo/FreeRTOS-Kernel/portable/MemMang/heap_5.o
 .bss.xNumberOfSuccessfulFrees
                0x0000000020005ab0        0x4 build/tsb0//home/karl/node-apps/zoo/FreeRTOS-Kernel/portable/MemMang/heap_5.o
 .bss.xBlockAllocatedBit
                0x0000000020005ab4        0x4 build/tsb0//home/karl/node-apps/zoo/FreeRTOS-Kernel/portable/MemMang/heap_5.o
 .bss.pxCurrentTCB
                0x0000000020005ab8        0x4 build/tsb0//home/karl/node-apps/zoo/FreeRTOS-Kernel/tasks.o
                0x0000000020005ab8                pxCurrentTCB
 .bss.pxReadyTasksLists
                0x0000000020005abc      0x460 build/tsb0//home/karl/node-apps/zoo/FreeRTOS-Kernel/tasks.o
 .bss.xDelayedTaskList1
                0x0000000020005f1c       0x14 build/tsb0//home/karl/node-apps/zoo/FreeRTOS-Kernel/tasks.o
 .bss.xDelayedTaskList2
                0x0000000020005f30       0x14 build/tsb0//home/karl/node-apps/zoo/FreeRTOS-Kernel/tasks.o
 .bss.pxDelayedTaskList
                0x0000000020005f44        0x4 build/tsb0//home/karl/node-apps/zoo/FreeRTOS-Kernel/tasks.o
 .bss.pxOverflowDelayedTaskList
                0x0000000020005f48        0x4 build/tsb0//home/karl/node-apps/zoo/FreeRTOS-Kernel/tasks.o
 .bss.xPendingReadyList
                0x0000000020005f4c       0x14 build/tsb0//home/karl/node-apps/zoo/FreeRTOS-Kernel/tasks.o
 .bss.xTasksWaitingTermination
                0x0000000020005f60       0x14 build/tsb0//home/karl/node-apps/zoo/FreeRTOS-Kernel/tasks.o
 .bss.uxDeletedTasksWaitingCleanUp
                0x0000000020005f74        0x4 build/tsb0//home/karl/node-apps/zoo/FreeRTOS-Kernel/tasks.o
 .bss.xSuspendedTaskList
                0x0000000020005f78       0x14 build/tsb0//home/karl/node-apps/zoo/FreeRTOS-Kernel/tasks.o
 .bss.uxCurrentNumberOfTasks
                0x0000000020005f8c        0x4 build/tsb0//home/karl/node-apps/zoo/FreeRTOS-Kernel/tasks.o
 .bss.xTickCount
                0x0000000020005f90        0x4 build/tsb0//home/karl/node-apps/zoo/FreeRTOS-Kernel/tasks.o
 .bss.uxTopReadyPriority
                0x0000000020005f94        0x4 build/tsb0//home/karl/node-apps/zoo/FreeRTOS-Kernel/tasks.o
 .bss.xSchedulerRunning
                0x0000000020005f98        0x4 build/tsb0//home/karl/node-apps/zoo/FreeRTOS-Kernel/tasks.o
 .bss.xPendedTicks
                0x0000000020005f9c        0x4 build/tsb0//home/karl/node-apps/zoo/FreeRTOS-Kernel/tasks.o
 .bss.xYieldPending
                0x0000000020005fa0        0x4 build/tsb0//home/karl/node-apps/zoo/FreeRTOS-Kernel/tasks.o
 .bss.xNumOfOverflows
                0x0000000020005fa4        0x4 build/tsb0//home/karl/node-apps/zoo/FreeRTOS-Kernel/tasks.o
 .bss.uxTaskNumber
                0x0000000020005fa8        0x4 build/tsb0//home/karl/node-apps/zoo/FreeRTOS-Kernel/tasks.o
 .bss.xNextTaskUnblockTime
                0x0000000020005fac        0x4 build/tsb0//home/karl/node-apps/zoo/FreeRTOS-Kernel/tasks.o
 .bss.xIdleTaskHandle
                0x0000000020005fb0        0x4 build/tsb0//home/karl/node-apps/zoo/FreeRTOS-Kernel/tasks.o
 .bss.uxSchedulerSuspended
                0x0000000020005fb4        0x4 build/tsb0//home/karl/node-apps/zoo/FreeRTOS-Kernel/tasks.o
 .bss.xActiveTimerList1
                0x0000000020005fb8       0x14 build/tsb0//home/karl/node-apps/zoo/FreeRTOS-Kernel/timers.o
 .bss.xActiveTimerList2
                0x0000000020005fcc       0x14 build/tsb0//home/karl/node-apps/zoo/FreeRTOS-Kernel/timers.o
 .bss.pxCurrentTimerList
                0x0000000020005fe0        0x4 build/tsb0//home/karl/node-apps/zoo/FreeRTOS-Kernel/timers.o
 .bss.pxOverflowTimerList
                0x0000000020005fe4        0x4 build/tsb0//home/karl/node-apps/zoo/FreeRTOS-Kernel/timers.o
 .bss.xTimerQueue
                0x0000000020005fe8        0x4 build/tsb0//home/karl/node-apps/zoo/FreeRTOS-Kernel/timers.o
 .bss.xTimerTaskHandle
                0x0000000020005fec        0x4 build/tsb0//home/karl/node-apps/zoo/FreeRTOS-Kernel/timers.o
 .bss.xLastTime.8171
                0x0000000020005ff0        0x4 build/tsb0//home/karl/node-apps/zoo/FreeRTOS-Kernel/timers.o
 .bss.ucStaticTimerQueueStorage.8222
                0x0000000020005ff4      0x500 build/tsb0//home/karl/node-apps/zoo/FreeRTOS-Kernel/timers.o
 .bss.xStaticTimerQueue.8221
                0x00000000200064f4       0x50 build/tsb0//home/karl/node-apps/zoo/FreeRTOS-Kernel/timers.o
 .bss.KernelState
                0x0000000020006544        0x4 build/tsb0//home/karl/node-apps/zoo/thinnect.cmsis-freertos/CMSIS-FreeRTOS/CMSIS/RTOS2/FreeRTOS/Source/cmsis_os2.o
 .bss.ucHeap    0x0000000020006548     0xa000 build/tsb0//home/karl/node-apps/zoo/thinnect.cmsis-freertos/CMSIS-FreeRTOS/CMSIS/RTOS2/FreeRTOS/Source/cmsis_os2.o
 .bss.Idle_TCB.8756
                0x0000000020010548       0x60 build/tsb0//home/karl/node-apps/zoo/thinnect.cmsis-freertos/CMSIS-FreeRTOS/CMSIS/RTOS2/FreeRTOS/Source/cmsis_os2.o
 .bss.Idle_Stack.8757
                0x00000000200105a8      0x800 build/tsb0//home/karl/node-apps/zoo/thinnect.cmsis-freertos/CMSIS-FreeRTOS/CMSIS/RTOS2/FreeRTOS/Source/cmsis_os2.o
 .bss.Timer_TCB.8763
                0x0000000020010da8       0x60 build/tsb0//home/karl/node-apps/zoo/thinnect.cmsis-freertos/CMSIS-FreeRTOS/CMSIS/RTOS2/FreeRTOS/Source/cmsis_os2.o
 .bss.Timer_Stack.8764
                0x0000000020010e08      0x800 build/tsb0//home/karl/node-apps/zoo/thinnect.cmsis-freertos/CMSIS-FreeRTOS/CMSIS/RTOS2/FreeRTOS/Source/cmsis_os2.o
 .bss.rxReadIndex
                0x0000000020011608        0x4 build/tsb0//home/karl/SimplicityStudio_v5/developer/sdks/gecko_sdk_suite/v3.2/hardware/kit/common/drivers/retargetserial.o
 .bss.rxWriteIndex
                0x000000002001160c        0x4 build/tsb0//home/karl/SimplicityStudio_v5/developer/sdks/gecko_sdk_suite/v3.2/hardware/kit/common/drivers/retargetserial.o
 .bss.rxCount   0x0000000020011610        0x4 build/tsb0//home/karl/SimplicityStudio_v5/developer/sdks/gecko_sdk_suite/v3.2/hardware/kit/common/drivers/retargetserial.o
 .bss.rxBuffer  0x0000000020011614        0x8 build/tsb0//home/karl/SimplicityStudio_v5/developer/sdks/gecko_sdk_suite/v3.2/hardware/kit/common/drivers/retargetserial.o
 .bss.LFtoCRLF  0x000000002001161c        0x1 build/tsb0//home/karl/SimplicityStudio_v5/developer/sdks/gecko_sdk_suite/v3.2/hardware/kit/common/drivers/retargetserial.o
 .bss.initialized
                0x000000002001161d        0x1 build/tsb0//home/karl/SimplicityStudio_v5/developer/sdks/gecko_sdk_suite/v3.2/hardware/kit/common/drivers/retargetserial.o
 *fill*         0x000000002001161e        0x2 
 .bss.vScaleEM01Config
                0x0000000020011620        0x1 build/tsb0//home/karl/SimplicityStudio_v5/developer/sdks/gecko_sdk_suite/v3.2/platform/emlib/src/em_emu.o